../Core/Src/main.c:90:5:main	64	static
../Core/Src/main.c:225:6:SystemClock_Config	88	static
../Core/Src/main.c:275:13:MX_DMA2D_Init	8	static
../Core/Src/main.c:309:13:MX_LTDC_Init	112	static
../Core/Src/main.c:387:13:MX_TIM6_Init	24	static
../Core/Src/main.c:423:13:MX_USART1_UART_Init	8	static
../Core/Src/main.c:452:13:MX_FMC_Init	40	static
../Core/Src/main.c:501:13:MX_GPIO_Init	72	static
../Core/Src/main.c:904:6:HAL_TIM_PeriodElapsedCallback	24	static
../Core/Src/main.c:997:6:__io_putchar	16	static
../Core/Src/main.c:1008:7:Error_Handler	4	static,ignoring_inline_asm
