../Core/Src/main.c:90:5:main	64	static
../Core/Src/main.c:223:6:SystemClock_Config	88	static
../Core/Src/main.c:273:13:MX_DMA2D_Init	8	static
../Core/Src/main.c:307:13:MX_LTDC_Init	112	static
../Core/Src/main.c:385:13:MX_TIM6_Init	24	static
../Core/Src/main.c:421:13:MX_USART1_UART_Init	8	static
../Core/Src/main.c:450:13:MX_FMC_Init	40	static
../Core/Src/main.c:499:13:MX_GPIO_Init	72	static
../Core/Src/main.c:902:6:HAL_TIM_PeriodElapsedCallback	24	static
../Core/Src/main.c:995:6:__io_putchar	16	static
../Core/Src/main.c:1006:7:Error_Handler	4	static,ignoring_inline_asm
