Archive member included to satisfy reference by file (symbol)

c:/st/stm32cubeide_1.10.1/stm32cubeide/plugins/com.st.stm32cube.ide.mcu.externaltools.gnu-tools-for-stm32.10.3-2021.10.win32_1.0.0.202111181127/tools/bin/../lib/gcc/arm-none-eabi/10.3.1/../../../../arm-none-eabi/lib/thumb/v7e-m+fp/hard\libc_nano.a(lib_a-errno.o)
                              ./Core/Src/syscalls.o (__errno)
c:/st/stm32cubeide_1.10.1/stm32cubeide/plugins/com.st.stm32cube.ide.mcu.externaltools.gnu-tools-for-stm32.10.3-2021.10.win32_1.0.0.202111181127/tools/bin/../lib/gcc/arm-none-eabi/10.3.1/../../../../arm-none-eabi/lib/thumb/v7e-m+fp/hard\libc_nano.a(lib_a-exit.o)
                              c:/st/stm32cubeide_1.10.1/stm32cubeide/plugins/com.st.stm32cube.ide.mcu.externaltools.gnu-tools-for-stm32.10.3-2021.10.win32_1.0.0.202111181127/tools/bin/../lib/gcc/arm-none-eabi/10.3.1/../../../../arm-none-eabi/lib/thumb/v7e-m+fp/hard/crt0.o (exit)
c:/st/stm32cubeide_1.10.1/stm32cubeide/plugins/com.st.stm32cube.ide.mcu.externaltools.gnu-tools-for-stm32.10.3-2021.10.win32_1.0.0.202111181127/tools/bin/../lib/gcc/arm-none-eabi/10.3.1/../../../../arm-none-eabi/lib/thumb/v7e-m+fp/hard\libc_nano.a(lib_a-impure.o)
                              c:/st/stm32cubeide_1.10.1/stm32cubeide/plugins/com.st.stm32cube.ide.mcu.externaltools.gnu-tools-for-stm32.10.3-2021.10.win32_1.0.0.202111181127/tools/bin/../lib/gcc/arm-none-eabi/10.3.1/../../../../arm-none-eabi/lib/thumb/v7e-m+fp/hard\libc_nano.a(lib_a-exit.o) (_global_impure_ptr)
c:/st/stm32cubeide_1.10.1/stm32cubeide/plugins/com.st.stm32cube.ide.mcu.externaltools.gnu-tools-for-stm32.10.3-2021.10.win32_1.0.0.202111181127/tools/bin/../lib/gcc/arm-none-eabi/10.3.1/../../../../arm-none-eabi/lib/thumb/v7e-m+fp/hard\libc_nano.a(lib_a-init.o)
                              c:/st/stm32cubeide_1.10.1/stm32cubeide/plugins/com.st.stm32cube.ide.mcu.externaltools.gnu-tools-for-stm32.10.3-2021.10.win32_1.0.0.202111181127/tools/bin/../lib/gcc/arm-none-eabi/10.3.1/../../../../arm-none-eabi/lib/thumb/v7e-m+fp/hard/crt0.o (__libc_init_array)
c:/st/stm32cubeide_1.10.1/stm32cubeide/plugins/com.st.stm32cube.ide.mcu.externaltools.gnu-tools-for-stm32.10.3-2021.10.win32_1.0.0.202111181127/tools/bin/../lib/gcc/arm-none-eabi/10.3.1/../../../../arm-none-eabi/lib/thumb/v7e-m+fp/hard\libc_nano.a(lib_a-memset.o)
                              c:/st/stm32cubeide_1.10.1/stm32cubeide/plugins/com.st.stm32cube.ide.mcu.externaltools.gnu-tools-for-stm32.10.3-2021.10.win32_1.0.0.202111181127/tools/bin/../lib/gcc/arm-none-eabi/10.3.1/../../../../arm-none-eabi/lib/thumb/v7e-m+fp/hard/crt0.o (memset)
c:/st/stm32cubeide_1.10.1/stm32cubeide/plugins/com.st.stm32cube.ide.mcu.externaltools.gnu-tools-for-stm32.10.3-2021.10.win32_1.0.0.202111181127/tools/bin/../lib/gcc/arm-none-eabi/10.3.1/../../../../arm-none-eabi/lib/thumb/v7e-m+fp/hard\libc_nano.a(lib_a-sprintf.o)
                              ./Core/Src/main.o (sprintf)
c:/st/stm32cubeide_1.10.1/stm32cubeide/plugins/com.st.stm32cube.ide.mcu.externaltools.gnu-tools-for-stm32.10.3-2021.10.win32_1.0.0.202111181127/tools/bin/../lib/gcc/arm-none-eabi/10.3.1/../../../../arm-none-eabi/lib/thumb/v7e-m+fp/hard\libc_nano.a(lib_a-nano-svfprintf.o)
                              c:/st/stm32cubeide_1.10.1/stm32cubeide/plugins/com.st.stm32cube.ide.mcu.externaltools.gnu-tools-for-stm32.10.3-2021.10.win32_1.0.0.202111181127/tools/bin/../lib/gcc/arm-none-eabi/10.3.1/../../../../arm-none-eabi/lib/thumb/v7e-m+fp/hard\libc_nano.a(lib_a-sprintf.o) (_svfprintf_r)
c:/st/stm32cubeide_1.10.1/stm32cubeide/plugins/com.st.stm32cube.ide.mcu.externaltools.gnu-tools-for-stm32.10.3-2021.10.win32_1.0.0.202111181127/tools/bin/../lib/gcc/arm-none-eabi/10.3.1/../../../../arm-none-eabi/lib/thumb/v7e-m+fp/hard\libc_nano.a(lib_a-nano-vfprintf_i.o)
                              c:/st/stm32cubeide_1.10.1/stm32cubeide/plugins/com.st.stm32cube.ide.mcu.externaltools.gnu-tools-for-stm32.10.3-2021.10.win32_1.0.0.202111181127/tools/bin/../lib/gcc/arm-none-eabi/10.3.1/../../../../arm-none-eabi/lib/thumb/v7e-m+fp/hard\libc_nano.a(lib_a-nano-svfprintf.o) (_printf_i)
c:/st/stm32cubeide_1.10.1/stm32cubeide/plugins/com.st.stm32cube.ide.mcu.externaltools.gnu-tools-for-stm32.10.3-2021.10.win32_1.0.0.202111181127/tools/bin/../lib/gcc/arm-none-eabi/10.3.1/../../../../arm-none-eabi/lib/thumb/v7e-m+fp/hard\libc_nano.a(lib_a-memchr.o)
                              c:/st/stm32cubeide_1.10.1/stm32cubeide/plugins/com.st.stm32cube.ide.mcu.externaltools.gnu-tools-for-stm32.10.3-2021.10.win32_1.0.0.202111181127/tools/bin/../lib/gcc/arm-none-eabi/10.3.1/../../../../arm-none-eabi/lib/thumb/v7e-m+fp/hard\libc_nano.a(lib_a-nano-svfprintf.o) (memchr)
c:/st/stm32cubeide_1.10.1/stm32cubeide/plugins/com.st.stm32cube.ide.mcu.externaltools.gnu-tools-for-stm32.10.3-2021.10.win32_1.0.0.202111181127/tools/bin/../lib/gcc/arm-none-eabi/10.3.1/../../../../arm-none-eabi/lib/thumb/v7e-m+fp/hard\libc_nano.a(lib_a-memcpy-stub.o)
[...]
Memory Configuration

Name             Origin             Length             Attributes
RAM              0x0000000020000000 0x0000000000050000 xrw
FLASH            0x0000000008000000 0x0000000000100000 xr
*default*        0x0000000000000000 0xffffffffffffffff

Linker script and memory map

LOAD c:/st/stm32cubeide_1.10.1/stm32cubeide/plugins/com.st.stm32cube.ide.mcu.externaltools.gnu-tools-for-stm32.10.3-2021.10.win32_1.0.0.202111181127/tools/bin/../lib/gcc/arm-none-eabi/10.3.1/thumb/v7e-m+fp/hard/crti.o
LOAD c:/st/stm32cubeide_1.10.1/stm32cubeide/plugins/com.st.stm32cube.ide.mcu.externaltools.gnu-tools-for-stm32.10.3-2021.10.win32_1.0.0.202111181127/tools/bin/../lib/gcc/arm-none-eabi/10.3.1/thumb/v7e-m+fp/hard/crtbegin.o
LOAD c:/st/stm32cubeide_1.10.1/stm32cubeide/plugins/com.st.stm32cube.ide.mcu.externaltools.gnu-tools-for-stm32.10.3-2021.10.win32_1.0.0.202111181127/tools/bin/../lib/gcc/arm-none-eabi/10.3.1/../../../../arm-none-eabi/lib/thumb/v7e-m+fp/hard/crt0.o
LOAD ./Core/Src/main.o
LOAD ./Core/Src/stm32f7xx_hal_msp.o
LOAD ./Core/Src/stm32f7xx_it.o
LOAD ./Core/Src/syscalls.o
LOAD ./Core/Src/sysmem.o
LOAD ./Core/Src/system_stm32f7xx.o
LOAD ./Core/Startup/startup_stm32f746nghx.o
LOAD ./Drivers/BSP/stm32746g_discovery.o
LOAD ./Drivers/BSP/stm32746g_discovery_lcd.o
LOAD ./Drivers/BSP/stm32746g_discovery_sdram.o
LOAD ./Drivers/BSP/stm32746g_discovery_ts.o
LOAD ./Drivers/Components/ft5336/ft5336.o
LOAD ./Drivers/Fonts/font12.o
LOAD ./Drivers/Fonts/font16.o
LOAD ./Drivers/Fonts/font20.o
LOAD ./Drivers/Fonts/font24.o
LOAD ./Drivers/Fonts/font8.o
LOAD ./Drivers/STM32F7xx_HAL_Driver/Src/stm32f7xx_hal.o
LOAD ./Drivers/STM32F7xx_HAL_Driver/Src/stm32f7xx_hal_cortex.o
LOAD ./Drivers/STM32F7xx_HAL_Driver/Src/stm32f7xx_hal_dma.o
LOAD ./Drivers/STM32F7xx_HAL_Driver/Src/stm32f7xx_hal_dma2d.o
LOAD ./Drivers/STM32F7xx_HAL_Driver/Src/stm32f7xx_hal_dma_ex.o
LOAD ./Drivers/STM32F7xx_HAL_Driver/Src/stm32f7xx_hal_dsi.o
LOAD ./Drivers/STM32F7xx_HAL_Driver/Src/stm32f7xx_hal_exti.o
LOAD ./Drivers/STM32F7xx_HAL_Driver/Src/stm32f7xx_hal_flash.o
LOAD ./Drivers/STM32F7xx_HAL_Driver/Src/stm32f7xx_hal_flash_ex.o
LOAD ./Drivers/STM32F7xx_HAL_Driver/Src/stm32f7xx_hal_gpio.o
LOAD ./Drivers/STM32F7xx_HAL_Driver/Src/stm32f7xx_hal_i2c.o
LOAD ./Drivers/STM32F7xx_HAL_Driver/Src/stm32f7xx_hal_i2c_ex.o
LOAD ./Drivers/STM32F7xx_HAL_Driver/Src/stm32f7xx_hal_ltdc.o
LOAD ./Drivers/STM32F7xx_HAL_Driver/Src/stm32f7xx_hal_ltdc_ex.o
LOAD ./Drivers/STM32F7xx_HAL_Driver/Src/stm32f7xx_hal_pwr.o
LOAD ./Drivers/STM32F7xx_HAL_Driver/Src/stm32f7xx_hal_pwr_ex.o
LOAD ./Drivers/STM32F7xx_HAL_Driver/Src/stm32f7xx_hal_rcc.o
LOAD ./Drivers/STM32F7xx_HAL_Driver/Src/stm32f7xx_hal_rcc_ex.o
LOAD ./Drivers/STM32F7xx_HAL_Driver/Src/stm32f7xx_hal_sdram.o
LOAD ./Drivers/STM32F7xx_HAL_Driver/Src/stm32f7xx_hal_tim.o
LOAD ./Drivers/STM32F7xx_HAL_Driver/Src/stm32f7xx_hal_tim_ex.o
LOAD ./Drivers/STM32F7xx_HAL_Driver/Src/stm32f7xx_hal_uart.o
LOAD ./Drivers/STM32F7xx_HAL_Driver/Src/stm32f7xx_hal_uart_ex.o
LOAD ./Drivers/STM32F7xx_HAL_Driver/Src/stm32f7xx_ll_fmc.o
START GROUP
LOAD c:/st/stm32cubeide_1.10.1/stm32cubeide/plugins/com.st.stm32cube.ide.mcu.externaltools.gnu-tools-for-stm32.10.3-2021.10.win32_1.0.0.202111181127/tools/bin/../lib/gcc/arm-none-eabi/10.3.1/../../../../arm-none-eabi/lib/thumb/v7e-m+fp/hard\libc_nano.a
LOAD c:/st/stm32cubeide_1.10.1/stm32cubeide/plugins/com.st.stm32cube.ide.mcu.externaltools.gnu-tools-for-stm32.10.3-2021.10.win32_1.0.0.202111181127/tools/bin/../lib/gcc/arm-none-eabi/10.3.1/../../../../arm-none-eabi/lib/thumb/v7e-m+fp/hard\libm.a
END GROUP
START GROUP
LOAD c:/st/stm32cubeide_1.10.1/stm32cubeide/plugins/com.st.stm32cube.ide.mcu.externaltools.gnu-tools-for-stm32.10.3-2021.10.win32_1.0.0.202111181127/tools/bin/../lib/gcc/arm-none-eabi/10.3.1/thumb/v7e-m+fp/hard\libgcc.a
LOAD c:/st/stm32cubeide_1.10.1/stm32cubeide/plugins/com.st.stm32cube.ide.mcu.externaltools.gnu-tools-for-stm32.10.3-2021.10.win32_1.0.0.202111181127/tools/bin/../lib/gcc/arm-none-eabi/10.3.1/../../../../arm-none-eabi/lib/thumb/v7e-m+fp/hard\libc_nano.a
END GROUP
START GROUP
LOAD c:/st/stm32cubeide_1.10.1/stm32cubeide/plugins/com.st.stm32cube.ide.mcu.externaltools.gnu-tools-for-stm32.10.3-2021.10.win32_1.0.0.202111181127/tools/bin/../lib/gcc/arm-none-eabi/10.3.1/thumb/v7e-m+fp/hard\libgcc.a
LOAD c:/st/stm32cubeide_1.10.1/stm32cubeide/plugins/com.st.stm32cube.ide.mcu.externaltools.gnu-tools-for-stm32.10.3-2021.10.win32_1.0.0.202111181127/tools/bin/../lib/gcc/arm-none-eabi/10.3.1/../../../../arm-none-eabi/lib/thumb/v7e-m+fp/hard\libc_nano.a
LOAD c:/st/stm32cubeide_1.10.1/stm32cubeide/plugins/com.st.stm32cube.ide.mcu.externaltools.gnu-tools-for-stm32.10.3-2021.10.win32_1.0.0.202111181127/tools/bin/../lib/gcc/arm-none-eabi/10.3.1/../../../../arm-none-eabi/lib/thumb/v7e-m+fp/hard\libnosys.a
END GROUP
START GROUP
LOAD c:/st/stm32cubeide_1.10.1/stm32cubeide/plugins/com.st.stm32cube.ide.mcu.externaltools.gnu-tools-for-stm32.10.3-2021.10.win32_1.0.0.202111181127/tools/bin/../lib/gcc/arm-none-eabi/10.3.1/thumb/v7e-m+fp/hard\libgcc.a
LOAD c:/st/stm32cubeide_1.10.1/stm32cubeide/plugins/com.st.stm32cube.ide.mcu.externaltools.gnu-tools-for-stm32.10.3-2021.10.win32_1.0.0.202111181127/tools/bin/../lib/gcc/arm-none-eabi/10.3.1/../../../../arm-none-eabi/lib/thumb/v7e-m+fp/hard\libc_nano.a
LOAD c:/st/stm32cubeide_1.10.1/stm32cubeide/plugins/com.st.stm32cube.ide.mcu.externaltools.gnu-tools-for-stm32.10.3-2021.10.win32_1.0.0.202111181127/tools/bin/../lib/gcc/arm-none-eabi/10.3.1/../../../../arm-none-eabi/lib/thumb/v7e-m+fp/hard\libnosys.a
END GROUP
LOAD c:/st/stm32cubeide_1.10.1/stm32cubeide/plugins/com.st.stm32cube.ide.mcu.externaltools.gnu-tools-for-stm32.10.3-2021.10.win32_1.0.0.202111181127/tools/bin/../lib/gcc/arm-none-eabi/10.3.1/thumb/v7e-m+fp/hard/crtend.o
LOAD c:/st/stm32cubeide_1.10.1/stm32cubeide/plugins/com.st.stm32cube.ide.mcu.externaltools.gnu-tools-for-stm32.10.3-2021.10.win32_1.0.0.202111181127/tools/bin/../lib/gcc/arm-none-eabi/10.3.1/thumb/v7e-m+fp/hard/crtn.o
                0x0000000020050000                _estack = (ORIGIN (RAM) + LENGTH (RAM))
                0x0000000000000200                _Min_Heap_Size = 0x200
                0x0000000000000400                _Min_Stack_Size = 0x400

.isr_vector     0x0000000008000000      0x1c8
                0x0000000008000000                . = ALIGN (0x4)
 *(.isr_vector)
 .isr_vector    0x0000000008000000      0x1c8 ./Core/Startup/startup_stm32f746nghx.o
                0x0000000008000000                g_pfnVectors
                0x00000000080001c8                . = ALIGN (0x4)

.text           0x00000000080001d0     0x82d0
                0x00000000080001d0                . = ALIGN (0x4)
 *(.text)
 .text          0x00000000080001d0       0x40 c:/st/stm32cubeide_1.10.1/stm32cubeide/plugins/com.st.stm32cube.ide.mcu.externaltools.gnu-tools-for-stm32.10.3-2021.10.win32_1.0.0.202111181127/tools/bin/../lib/gcc/arm-none-eabi/10.3.1/thumb/v7e-m+fp/hard/crtbegin.o
 .text          0x0000000008000210       0xa0 c:/st/stm32cubeide_1.10.1/stm32cubeide/plugins/com.st.stm32cube.ide.mcu.externaltools.gnu-tools-for-stm32.10.3-2021.10.win32_1.0.0.202111181127/tools/bin/../lib/gcc/arm-none-eabi/10.3.1/../../../../arm-none-eabi/lib/thumb/v7e-m+fp/hard\libc_nano.a(lib_a-memchr.o)
                0x0000000008000210                memchr
 .text          0x00000000080002b0       0x30 c:/st/stm32cubeide_1.10.1/stm32cubeide/plugins/com.st.stm32cube.ide.mcu.externaltools.gnu-tools-for-stm32.10.3-2021.10.win32_1.0.0.202111181127/tools/bin/../lib/gcc/arm-none-eabi/10.3.1/thumb/v7e-m+fp/hard\libgcc.a(_aeabi_uldivmod.o)
                0x00000000080002b0                __aeabi_uldivmod
 .text          0x00000000080002e0      0x2d0 c:/st/stm32cubeide_1.10.1/stm32cubeide/plugins/com.st.stm32cube.ide.mcu.externaltools.gnu-tools-for-stm32.10.3-2021.10.win32_1.0.0.202111181127/tools/bin/../lib/gcc/arm-none-eabi/10.3.1/thumb/v7e-m+fp/hard\libgcc.a(_udivmoddi4.o)
                0x00000000080002e0                __udivmoddi4
 .text          0x00000000080005b0        0x4 c:/st/stm32cubeide_1.10.1/stm32cubeide/plugins/com.st.stm32cube.ide.mcu.externaltools.gnu-tools-for-stm32.10.3-2021.10.win32_1.0.0.202111181127/tools/bin/../lib/gcc/arm-none-eabi/10.3.1/thumb/v7e-m+fp/hard\libgcc.a(_dvmd_tls.o)
                0x00000000080005b0                __aeabi_idiv0
                0x00000000080005b0                __aeabi_ldiv0
 *(.text*)
 .text.main     0x00000000080005b4      0x2bc ./Core/Src/main.o
                0x00000000080005b4                main
 .text.SystemClock_Config
                0x0000000008000870       0xd8 ./Core/Src/main.o
                0x0000000008000870                SystemClock_Config
 .text.MX_DMA2D_Init
                0x0000000008000948       0x64 ./Core/Src/main.o
 .text.MX_LTDC_Init
                0x00000000080009ac      0x164 ./Core/Src/main.o
 .text.MX_TIM6_Init
                0x0000000008000b10       0x70 ./Core/Src/main.o
 .text.MX_USART1_UART_Init
                0x0000000008000b80       0x60 ./Core/Src/main.o
 .text.MX_FMC_Init
                0x0000000008000be0       0x9c ./Core/Src/main.o
 .text.MX_GPIO_Init
                0x0000000008000c7c      0x788 ./Core/Src/main.o
 .text.HAL_TIM_PeriodElapsedCallback
                0x0000000008001404      0x1d4 ./Core/Src/main.o
                0x0000000008001404                HAL_TIM_PeriodElapsedCallback
 .text.Error_Handler
                0x00000000080015d8        0xa ./Core/Src/main.o
                0x00000000080015d8                Error_Handler
 *fill*         0x00000000080015e2        0x2 
 .text.HAL_MspInit
                0x00000000080015e4       0x48 ./Core/Src/stm32f7xx_hal_msp.o
                0x00000000080015e4                HAL_MspInit
 .text.HAL_DMA2D_MspInit
                0x000000000800162c       0x40 ./Core/Src/stm32f7xx_hal_msp.o
                0x000000000800162c                HAL_DMA2D_MspInit
 .text.HAL_LTDC_MspInit
                0x000000000800166c      0x1f0 ./Core/Src/stm32f7xx_hal_msp.o
                0x000000000800166c                HAL_LTDC_MspInit
 .text.HAL_TIM_Base_MspInit
                0x000000000800185c       0x4c ./Core/Src/stm32f7xx_hal_msp.o
                0x000000000800185c                HAL_TIM_Base_MspInit
 .text.HAL_UART_MspInit
                0x00000000080018a8      0x104 ./Core/Src/stm32f7xx_hal_msp.o
                0x00000000080018a8                HAL_UART_MspInit
 .text.HAL_FMC_MspInit
                0x00000000080019ac      0x120 ./Core/Src/stm32f7xx_hal_msp.o
 .text.HAL_SDRAM_MspInit
                0x0000000008001acc       0x14 ./Core/Src/stm32f7xx_hal_msp.o
                0x0000000008001acc                HAL_SDRAM_MspInit
 .text.NMI_Handler
                0x0000000008001ae0        0x6 ./Core/Src/stm32f7xx_it.o
                0x0000000008001ae0                NMI_Handler
 .text.HardFault_Handler
                0x0000000008001ae6        0x6 ./Core/Src/stm32f7xx_it.o
                0x0000000008001ae6                HardFault_Handler
 .text.MemManage_Handler
                0x0000000008001aec        0x6 ./Core/Src/stm32f7xx_it.o
                0x0000000008001aec                MemManage_Handler
 .text.BusFault_Handler
                0x0000000008001af2        0x6 ./Core/Src/stm32f7xx_it.o
                0x0000000008001af2                BusFault_Handler
 .text.UsageFault_Handler
                0x0000000008001af8        0x6 ./Core/Src/stm32f7xx_it.o
                0x0000000008001af8                UsageFault_Handler
 .text.SVC_Handler
                0x0000000008001afe        0xe ./Core/Src/stm32f7xx_it.o
                0x0000000008001afe                SVC_Handler
 .text.DebugMon_Handler
                0x0000000008001b0c        0xe ./Core/Src/stm32f7xx_it.o
                0x0000000008001b0c                DebugMon_Handler
 .text.PendSV_Handler
                0x0000000008001b1a        0xe ./Core/Src/stm32f7xx_it.o
                0x0000000008001b1a                PendSV_Handler
 .text.SysTick_Handler
                0x0000000008001b28        0xc ./Core/Src/stm32f7xx_it.o
                0x0000000008001b28                SysTick_Handler
 .text.TIM6_DAC_IRQHandler
                0x0000000008001b34       0x14 ./Core/Src/stm32f7xx_it.o
                0x0000000008001b34                TIM6_DAC_IRQHandler
 .text._sbrk    0x0000000008001b48       0x6c ./Core/Src/sysmem.o
                0x0000000008001b48                _sbrk
 .text.SystemInit
                0x0000000008001bb4       0x24 ./Core/Src/system_stm32f7xx.o
                0x0000000008001bb4                SystemInit
 .text.Reset_Handler
                0x0000000008001bd8       0x50 ./Core/Startup/startup_stm32f746nghx.o
                0x0000000008001bd8                Reset_Handler
 .text.Default_Handler
                0x0000000008001c28        0x2 ./Core/Startup/startup_stm32f746nghx.o
                0x0000000008001c28                RTC_Alarm_IRQHandler
                0x0000000008001c28                EXTI2_IRQHandler
                0x0000000008001c28                TIM8_CC_IRQHandler
                0x0000000008001c28                UART8_IRQHandler
                0x0000000008001c28                SPI4_IRQHandler
                0x0000000008001c28                TIM1_CC_IRQHandler
                0x0000000008001c28                DMA2_Stream5_IRQHandler
                0x0000000008001c28                DMA1_Stream5_IRQHandler
                0x0000000008001c28                PVD_IRQHandler
                0x0000000008001c28                TAMP_STAMP_IRQHandler
                0x0000000008001c28                CAN2_RX1_IRQHandler
                0x0000000008001c28                EXTI3_IRQHandler
                0x0000000008001c28                TIM8_TRG_COM_TIM14_IRQHandler
                0x0000000008001c28                TIM1_UP_TIM10_IRQHandler
                0x0000000008001c28                TIM8_UP_TIM13_IRQHandler
                0x0000000008001c28                I2C3_ER_IRQHandler
                0x0000000008001c28                EXTI0_IRQHandler
                0x0000000008001c28                I2C2_EV_IRQHandler
                0x0000000008001c28                DMA1_Stream2_IRQHandler
                0x0000000008001c28                CAN1_RX0_IRQHandler
                0x0000000008001c28                FPU_IRQHandler
                0x0000000008001c28                OTG_HS_WKUP_IRQHandler
                0x0000000008001c28                LTDC_ER_IRQHandler
                0x0000000008001c28                CAN2_SCE_IRQHandler
                0x0000000008001c28                DMA2_Stream2_IRQHandler
                0x0000000008001c28                SPI1_IRQHandler
                0x0000000008001c28                TIM1_BRK_TIM9_IRQHandler
                0x0000000008001c28                DCMI_IRQHandler
                0x0000000008001c28                CAN2_RX0_IRQHandler
                0x0000000008001c28                DMA2_Stream3_IRQHandler
                0x0000000008001c28                SAI2_IRQHandler
                0x0000000008001c28                USART6_IRQHandler
                0x0000000008001c28                USART3_IRQHandler
                0x0000000008001c28                CAN1_RX1_IRQHandler
                0x0000000008001c28                UART5_IRQHandler
                0x0000000008001c28                DMA2_Stream0_IRQHandler
                0x0000000008001c28                TIM4_IRQHandler
                0x0000000008001c28                QUADSPI_IRQHandler
                0x0000000008001c28                I2C1_EV_IRQHandler
                0x0000000008001c28                DMA1_Stream6_IRQHandler
                0x0000000008001c28                DMA1_Stream1_IRQHandler
                0x0000000008001c28                UART4_IRQHandler
                0x0000000008001c28                TIM3_IRQHandler
                0x0000000008001c28                RCC_IRQHandler
                0x0000000008001c28                TIM8_BRK_TIM12_IRQHandler
                0x0000000008001c28                Default_Handler
                0x0000000008001c28                CEC_IRQHandler
                0x0000000008001c28                EXTI15_10_IRQHandler
                0x0000000008001c28                ADC_IRQHandler
                0x0000000008001c28                DMA1_Stream7_IRQHandler
                0x0000000008001c28                SPI5_IRQHandler
                0x0000000008001c28                TIM7_IRQHandler
                0x0000000008001c28                SDMMC1_IRQHandler
                0x0000000008001c28                CAN2_TX_IRQHandler
                0x0000000008001c28                TIM5_IRQHandler
                0x0000000008001c28                DMA2_Stream7_IRQHandler
                0x0000000008001c28                I2C3_EV_IRQHandler
                0x0000000008001c28                EXTI9_5_IRQHandler
                0x0000000008001c28                RTC_WKUP_IRQHandler
                0x0000000008001c28                LTDC_IRQHandler
                0x0000000008001c28                ETH_WKUP_IRQHandler
                0x0000000008001c28                SPDIF_RX_IRQHandler
                0x0000000008001c28                SPI2_IRQHandler
                0x0000000008001c28                OTG_HS_EP1_IN_IRQHandler
                0x0000000008001c28                DMA1_Stream0_IRQHandler
                0x0000000008001c28                CAN1_TX_IRQHandler
                0x0000000008001c28                EXTI4_IRQHandler
                0x0000000008001c28                RNG_IRQHandler
                0x0000000008001c28                ETH_IRQHandler
                0x0000000008001c28                OTG_HS_EP1_OUT_IRQHandler
                0x0000000008001c28                WWDG_IRQHandler
                0x0000000008001c28                SPI6_IRQHandler
                0x0000000008001c28                I2C4_EV_IRQHandler
                0x0000000008001c28                TIM2_IRQHandler
                0x0000000008001c28                OTG_FS_WKUP_IRQHandler
                0x0000000008001c28                TIM1_TRG_COM_TIM11_IRQHandler
                0x0000000008001c28                OTG_HS_IRQHandler
                0x0000000008001c28                DMA2D_IRQHandler
                0x0000000008001c28                EXTI1_IRQHandler
                0x0000000008001c28                UART7_IRQHandler
                0x0000000008001c28                USART2_IRQHandler
                0x0000000008001c28                I2C2_ER_IRQHandler
                0x0000000008001c28                DMA2_Stream1_IRQHandler
                0x0000000008001c28                CAN1_SCE_IRQHandler
                0x0000000008001c28                FLASH_IRQHandler
                0x0000000008001c28                DMA2_Stream4_IRQHandler
                0x0000000008001c28                USART1_IRQHandler
                0x0000000008001c28                OTG_FS_IRQHandler
                0x0000000008001c28                SPI3_IRQHandler
                0x0000000008001c28                DMA1_Stream4_IRQHandler
                0x0000000008001c28                I2C1_ER_IRQHandler
                0x0000000008001c28                FMC_IRQHandler
                0x0000000008001c28                LPTIM1_IRQHandler
                0x0000000008001c28                I2C4_ER_IRQHandler
                0x0000000008001c28                DMA2_Stream6_IRQHandler
                0x0000000008001c28                SAI1_IRQHandler
                0x0000000008001c28                DMA1_Stream3_IRQHandler
 *fill*         0x0000000008001c2a        0x2 
 .text.I2Cx_MspInit
                0x0000000008001c2c      0x160 ./Drivers/BSP/stm32746g_discovery.o
 .text.I2Cx_Init
                0x0000000008001d8c       0x78 ./Drivers/BSP/stm32746g_discovery.o
 .text.I2Cx_ReadMultiple
                0x0000000008001e04       0x5a ./Drivers/BSP/stm32746g_discovery.o
 .text.I2Cx_WriteMultiple
                0x0000000008001e5e       0x5a ./Drivers/BSP/stm32746g_discovery.o
 .text.I2Cx_Error
                0x0000000008001eb8       0x20 ./Drivers/BSP/stm32746g_discovery.o
 .text.TS_IO_Init
                0x0000000008001ed8       0x14 ./Drivers/BSP/stm32746g_discovery.o
                0x0000000008001ed8                TS_IO_Init
 .text.TS_IO_Write
                0x0000000008001eec       0x34 ./Drivers/BSP/stm32746g_discovery.o
                0x0000000008001eec                TS_IO_Write
 .text.TS_IO_Read
                0x0000000008001f20       0x3c ./Drivers/BSP/stm32746g_discovery.o
                0x0000000008001f20                TS_IO_Read
 .text.TS_IO_Delay
                0x0000000008001f5c       0x16 ./Drivers/BSP/stm32746g_discovery.o
                0x0000000008001f5c                TS_IO_Delay
 *fill*         0x0000000008001f72        0x2 
 .text.BSP_LCD_Init
                0x0000000008001f74       0xe0 ./Drivers/BSP/stm32746g_discovery_lcd.o
                0x0000000008001f74                BSP_LCD_Init
 .text.BSP_LCD_GetXSize
                0x0000000008002054       0x28 ./Drivers/BSP/stm32746g_discovery_lcd.o
                0x0000000008002054                BSP_LCD_GetXSize
 .text.BSP_LCD_GetYSize
                0x000000000800207c       0x28 ./Drivers/BSP/stm32746g_discovery_lcd.o
                0x000000000800207c                BSP_LCD_GetYSize
 .text.BSP_LCD_LayerDefaultInit
                0x00000000080020a4       0xc0 ./Drivers/BSP/stm32746g_discovery_lcd.o
                0x00000000080020a4                BSP_LCD_LayerDefaultInit
 .text.BSP_LCD_SelectLayer
                0x0000000008002164       0x20 ./Drivers/BSP/stm32746g_discovery_lcd.o
                0x0000000008002164                BSP_LCD_SelectLayer
 .text.BSP_LCD_SetTextColor
                0x0000000008002184       0x30 ./Drivers/BSP/stm32746g_discovery_lcd.o
                0x0000000008002184                BSP_LCD_SetTextColor
 .text.BSP_LCD_SetBackColor
                0x00000000080021b4       0x34 ./Drivers/BSP/stm32746g_discovery_lcd.o
                0x00000000080021b4                BSP_LCD_SetBackColor
 .text.BSP_LCD_SetFont
                0x00000000080021e8       0x34 ./Drivers/BSP/stm32746g_discovery_lcd.o
                0x00000000080021e8                BSP_LCD_SetFont
 .text.BSP_LCD_Clear
                0x000000000800221c       0x50 ./Drivers/BSP/stm32746g_discovery_lcd.o
                0x000000000800221c                BSP_LCD_Clear
 .text.BSP_LCD_DisplayChar
                0x000000000800226c       0x88 ./Drivers/BSP/stm32746g_discovery_lcd.o
                0x000000000800226c                BSP_LCD_DisplayChar
 .text.BSP_LCD_DisplayStringAt
                0x00000000080022f4      0x190 ./Drivers/BSP/stm32746g_discovery_lcd.o
                0x00000000080022f4                BSP_LCD_DisplayStringAt
 .text.BSP_LCD_DrawPixel
                0x0000000008002484       0x90 ./Drivers/BSP/stm32746g_discovery_lcd.o
                0x0000000008002484                BSP_LCD_DrawPixel
 .text.BSP_LCD_DisplayOn
                0x0000000008002514       0x3c ./Drivers/BSP/stm32746g_discovery_lcd.o
                0x0000000008002514                BSP_LCD_DisplayOn
 .text.BSP_LCD_MspInit
                0x0000000008002550      0x1b4 ./Drivers/BSP/stm32746g_discovery_lcd.o
                0x0000000008002550                BSP_LCD_MspInit
 .text.BSP_LCD_ClockConfig
                0x0000000008002704       0x38 ./Drivers/BSP/stm32746g_discovery_lcd.o
                0x0000000008002704                BSP_LCD_ClockConfig
 .text.DrawChar
                0x000000000800273c      0x170 ./Drivers/BSP/stm32746g_discovery_lcd.o
 .text.LL_FillBuffer
                0x00000000080028ac       0x98 ./Drivers/BSP/stm32746g_discovery_lcd.o
 .text.BSP_SDRAM_Init
                0x0000000008002944       0xbc ./Drivers/BSP/stm32746g_discovery_sdram.o
                0x0000000008002944                BSP_SDRAM_Init
 .text.BSP_SDRAM_Initialization_sequence
                0x0000000008002a00       0xc0 ./Drivers/BSP/stm32746g_discovery_sdram.o
                0x0000000008002a00                BSP_SDRAM_Initialization_sequence
 .text.BSP_SDRAM_MspInit
                0x0000000008002ac0      0x1f0 ./Drivers/BSP/stm32746g_discovery_sdram.o
                0x0000000008002ac0                BSP_SDRAM_MspInit
 .text.BSP_TS_Init
                0x0000000008002cb0       0x80 ./Drivers/BSP/stm32746g_discovery_ts.o
                0x0000000008002cb0                BSP_TS_Init
 .text.BSP_TS_GetState
                0x0000000008002d30      0x374 ./Drivers/BSP/stm32746g_discovery_ts.o
                0x0000000008002d30                BSP_TS_GetState
 .text.BSP_TS_Get_GestureId
                0x00000000080030a4      0x104 ./Drivers/BSP/stm32746g_discovery_ts.o
                0x00000000080030a4                BSP_TS_Get_GestureId
 .text.ft5336_Init
                0x00000000080031a8       0x1c ./Drivers/Components/ft5336/ft5336.o
                0x00000000080031a8                ft5336_Init
 .text.ft5336_Reset
                0x00000000080031c4       0x16 ./Drivers/Components/ft5336/ft5336.o
                0x00000000080031c4                ft5336_Reset
 .text.ft5336_ReadID
                0x00000000080031da       0x5c ./Drivers/Components/ft5336/ft5336.o
                0x00000000080031da                ft5336_ReadID
 .text.ft5336_TS_Start
                0x0000000008003236       0x22 ./Drivers/Components/ft5336/ft5336.o
                0x0000000008003236                ft5336_TS_Start
 .text.ft5336_TS_DetectTouch
                0x0000000008003258       0x54 ./Drivers/Components/ft5336/ft5336.o
                0x0000000008003258                ft5336_TS_DetectTouch
 .text.ft5336_TS_GetXY
                0x00000000080032ac      0x1e0 ./Drivers/Components/ft5336/ft5336.o
                0x00000000080032ac                ft5336_TS_GetXY
 .text.ft5336_TS_EnableIT
                0x000000000800348c       0x28 ./Drivers/Components/ft5336/ft5336.o
                0x000000000800348c                ft5336_TS_EnableIT
 .text.ft5336_TS_DisableIT
                0x00000000080034b4       0x28 ./Drivers/Components/ft5336/ft5336.o
                0x00000000080034b4                ft5336_TS_DisableIT
 .text.ft5336_TS_ITStatus
                0x00000000080034dc       0x18 ./Drivers/Components/ft5336/ft5336.o
                0x00000000080034dc                ft5336_TS_ITStatus
 .text.ft5336_TS_ClearIT
                0x00000000080034f4       0x16 ./Drivers/Components/ft5336/ft5336.o
                0x00000000080034f4                ft5336_TS_ClearIT
 .text.ft5336_TS_GetGestureID
                0x000000000800350a       0x32 ./Drivers/Components/ft5336/ft5336.o
                0x000000000800350a                ft5336_TS_GetGestureID
 .text.ft5336_TS_GetTouchInfo
                0x000000000800353c      0x15c ./Drivers/Components/ft5336/ft5336.o
                0x000000000800353c                ft5336_TS_GetTouchInfo
 .text.ft5336_Get_I2C_InitializedStatus
                0x0000000008003698       0x18 ./Drivers/Components/ft5336/ft5336.o
 .text.ft5336_I2C_InitializeIfRequired
                0x00000000080036b0       0x20 ./Drivers/Components/ft5336/ft5336.o
 .text.ft5336_TS_Configure
                0x00000000080036d0       0x1c ./Drivers/Components/ft5336/ft5336.o
 .text.HAL_Init
                0x00000000080036ec       0x1a ./Drivers/STM32F7xx_HAL_Driver/Src/stm32f7xx_hal.o
                0x00000000080036ec                HAL_Init
 *fill*         0x0000000008003706        0x2 
 .text.HAL_InitTick
                0x0000000008003708       0x60 ./Drivers/STM32F7xx_HAL_Driver/Src/stm32f7xx_hal.o
                0x0000000008003708                HAL_InitTick
 .text.HAL_IncTick
                0x0000000008003768       0x28 ./Drivers/STM32F7xx_HAL_Driver/Src/stm32f7xx_hal.o
                0x0000000008003768                HAL_IncTick
 .text.HAL_GetTick
                0x0000000008003790       0x18 ./Drivers/STM32F7xx_HAL_Driver/Src/stm32f7xx_hal.o
                0x0000000008003790                HAL_GetTick
 .text.HAL_Delay
                0x00000000080037a8       0x48 ./Drivers/STM32F7xx_HAL_Driver/Src/stm32f7xx_hal.o
                0x00000000080037a8                HAL_Delay
 .text.__NVIC_SetPriorityGrouping
                0x00000000080037f0       0x48 ./Drivers/STM32F7xx_HAL_Driver/Src/stm32f7xx_hal_cortex.o
 .text.__NVIC_GetPriorityGrouping
                0x0000000008003838       0x1c ./Drivers/STM32F7xx_HAL_Driver/Src/stm32f7xx_hal_cortex.o
 .text.__NVIC_EnableIRQ
                0x0000000008003854       0x3c ./Drivers/STM32F7xx_HAL_Driver/Src/stm32f7xx_hal_cortex.o
 .text.__NVIC_SetPriority
                0x0000000008003890       0x54 ./Drivers/STM32F7xx_HAL_Driver/Src/stm32f7xx_hal_cortex.o
 .text.NVIC_EncodePriority
                0x00000000080038e4       0x66 ./Drivers/STM32F7xx_HAL_Driver/Src/stm32f7xx_hal_cortex.o
 *fill*         0x000000000800394a        0x2 
 .text.SysTick_Config
                0x000000000800394c       0x44 ./Drivers/STM32F7xx_HAL_Driver/Src/stm32f7xx_hal_cortex.o
 .text.HAL_NVIC_SetPriorityGrouping
                0x0000000008003990       0x16 ./Drivers/STM32F7xx_HAL_Driver/Src/stm32f7xx_hal_cortex.o
                0x0000000008003990                HAL_NVIC_SetPriorityGrouping
 .text.HAL_NVIC_SetPriority
                0x00000000080039a6       0x38 ./Drivers/STM32F7xx_HAL_Driver/Src/stm32f7xx_hal_cortex.o
                0x00000000080039a6                HAL_NVIC_SetPriority
 .text.HAL_NVIC_EnableIRQ
                0x00000000080039de       0x1c ./Drivers/STM32F7xx_HAL_Driver/Src/stm32f7xx_hal_cortex.o
                0x00000000080039de                HAL_NVIC_EnableIRQ
 .text.HAL_SYSTICK_Config
                0x00000000080039fa       0x18 ./Drivers/STM32F7xx_HAL_Driver/Src/stm32f7xx_hal_cortex.o
                0x00000000080039fa                HAL_SYSTICK_Config
 *fill*         0x0000000008003a12        0x2 
 .text.HAL_DMA_Init
                0x0000000008003a14      0x15c ./Drivers/STM32F7xx_HAL_Driver/Src/stm32f7xx_hal_dma.o
                0x0000000008003a14                HAL_DMA_Init
 .text.HAL_DMA_DeInit
                0x0000000008003b70       0xbc ./Drivers/STM32F7xx_HAL_Driver/Src/stm32f7xx_hal_dma.o
                0x0000000008003b70                HAL_DMA_DeInit
 .text.DMA_CalcBaseAndBitshift
                0x0000000008003c2c       0x6c ./Drivers/STM32F7xx_HAL_Driver/Src/stm32f7xx_hal_dma.o
 .text.DMA_CheckFifoParam
                0x0000000008003c98       0xf8 ./Drivers/STM32F7xx_HAL_Driver/Src/stm32f7xx_hal_dma.o
 .text.HAL_DMA2D_Init
                0x0000000008003d90       0x94 ./Drivers/STM32F7xx_HAL_Driver/Src/stm32f7xx_hal_dma2d.o
                0x0000000008003d90                HAL_DMA2D_Init
 .text.HAL_DMA2D_Start
                0x0000000008003e24       0x56 ./Drivers/STM32F7xx_HAL_Driver/Src/stm32f7xx_hal_dma2d.o
                0x0000000008003e24                HAL_DMA2D_Start
 .text.HAL_DMA2D_PollForTransfer
                0x0000000008003e7a      0x1d2 ./Drivers/STM32F7xx_HAL_Driver/Src/stm32f7xx_hal_dma2d.o
                0x0000000008003e7a                HAL_DMA2D_PollForTransfer
 .text.HAL_DMA2D_ConfigLayer
                0x000000000800404c      0x124 ./Drivers/STM32F7xx_HAL_Driver/Src/stm32f7xx_hal_dma2d.o
                0x000000000800404c                HAL_DMA2D_ConfigLayer
 .text.DMA2D_SetConfig
                0x0000000008004170      0x138 ./Drivers/STM32F7xx_HAL_Driver/Src/stm32f7xx_hal_dma2d.o
 .text.HAL_GPIO_Init
                0x00000000080042a8      0x358 ./Drivers/STM32F7xx_HAL_Driver/Src/stm32f7xx_hal_gpio.o
                0x00000000080042a8                HAL_GPIO_Init
 .text.HAL_GPIO_ReadPin
                0x0000000008004600       0x30 ./Drivers/STM32F7xx_HAL_Driver/Src/stm32f7xx_hal_gpio.o
                0x0000000008004600                HAL_GPIO_ReadPin
 .text.HAL_GPIO_WritePin
                0x0000000008004630       0x32 ./Drivers/STM32F7xx_HAL_Driver/Src/stm32f7xx_hal_gpio.o
                0x0000000008004630                HAL_GPIO_WritePin
 *fill*         0x0000000008004662        0x2 
 .text.HAL_I2C_Init
                0x0000000008004664      0x120 ./Drivers/STM32F7xx_HAL_Driver/Src/stm32f7xx_hal_i2c.o
                0x0000000008004664                HAL_I2C_Init
 .text.HAL_I2C_DeInit
                0x0000000008004784       0x5e ./Drivers/STM32F7xx_HAL_Driver/Src/stm32f7xx_hal_i2c.o
                0x0000000008004784                HAL_I2C_DeInit
 .text.HAL_I2C_MspInit
                0x00000000080047e2       0x14 ./Drivers/STM32F7xx_HAL_Driver/Src/stm32f7xx_hal_i2c.o
                0x00000000080047e2                HAL_I2C_MspInit
 .text.HAL_I2C_MspDeInit
                0x00000000080047f6       0x14 ./Drivers/STM32F7xx_HAL_Driver/Src/stm32f7xx_hal_i2c.o
                0x00000000080047f6                HAL_I2C_MspDeInit
 *fill*         0x000000000800480a        0x2 
 .text.HAL_I2C_Mem_Write
                0x000000000800480c      0x228 ./Drivers/STM32F7xx_HAL_Driver/Src/stm32f7xx_hal_i2c.o
                0x000000000800480c                HAL_I2C_Mem_Write
 .text.HAL_I2C_Mem_Read
                0x0000000008004a34      0x234 ./Drivers/STM32F7xx_HAL_Driver/Src/stm32f7xx_hal_i2c.o
                0x0000000008004a34                HAL_I2C_Mem_Read
 .text.HAL_I2C_GetState
                0x0000000008004c68       0x1c ./Drivers/STM32F7xx_HAL_Driver/Src/stm32f7xx_hal_i2c.o
                0x0000000008004c68                HAL_I2C_GetState
 .text.I2C_RequestMemoryWrite
                0x0000000008004c84       0xa8 ./Drivers/STM32F7xx_HAL_Driver/Src/stm32f7xx_hal_i2c.o
 .text.I2C_RequestMemoryRead
                0x0000000008004d2c       0xa8 ./Drivers/STM32F7xx_HAL_Driver/Src/stm32f7xx_hal_i2c.o
 .text.I2C_Flush_TXDR
                0x0000000008004dd4       0x48 ./Drivers/STM32F7xx_HAL_Driver/Src/stm32f7xx_hal_i2c.o
 .text.I2C_WaitOnFlagUntilTimeout
                0x0000000008004e1c       0x80 ./Drivers/STM32F7xx_HAL_Driver/Src/stm32f7xx_hal_i2c.o
 .text.I2C_WaitOnTXISFlagUntilTimeout
                0x0000000008004e9c       0x80 ./Drivers/STM32F7xx_HAL_Driver/Src/stm32f7xx_hal_i2c.o
 .text.I2C_WaitOnSTOPFlagUntilTimeout
                0x0000000008004f1c       0x78 ./Drivers/STM32F7xx_HAL_Driver/Src/stm32f7xx_hal_i2c.o
 .text.I2C_IsErrorOccurred
                0x0000000008004f94      0x1c0 ./Drivers/STM32F7xx_HAL_Driver/Src/stm32f7xx_hal_i2c.o
 .text.I2C_TransferConfig
                0x0000000008005154       0x64 ./Drivers/STM32F7xx_HAL_Driver/Src/stm32f7xx_hal_i2c.o
 .text.HAL_LTDC_Init
                0x00000000080051b8      0x1a0 ./Drivers/STM32F7xx_HAL_Driver/Src/stm32f7xx_hal_ltdc.o
                0x00000000080051b8                HAL_LTDC_Init
 .text.HAL_LTDC_ConfigLayer
                0x0000000008005358       0x7c ./Drivers/STM32F7xx_HAL_Driver/Src/stm32f7xx_hal_ltdc.o
                0x0000000008005358                HAL_LTDC_ConfigLayer
 .text.HAL_LTDC_GetState
                0x00000000080053d4       0x1c ./Drivers/STM32F7xx_HAL_Driver/Src/stm32f7xx_hal_ltdc.o
                0x00000000080053d4                HAL_LTDC_GetState
 .text.LTDC_SetConfig
                0x00000000080053f0      0x334 ./Drivers/STM32F7xx_HAL_Driver/Src/stm32f7xx_hal_ltdc.o
 .text.HAL_PWREx_EnableOverDrive
                0x0000000008005724       0xa0 ./Drivers/STM32F7xx_HAL_Driver/Src/stm32f7xx_hal_pwr_ex.o
                0x0000000008005724                HAL_PWREx_EnableOverDrive
 .text.HAL_RCC_OscConfig
                0x00000000080057c4      0x548 ./Drivers/STM32F7xx_HAL_Driver/Src/stm32f7xx_hal_rcc.o
                0x00000000080057c4                HAL_RCC_OscConfig
 .text.HAL_RCC_ClockConfig
                0x0000000008005d0c      0x1d8 ./Drivers/STM32F7xx_HAL_Driver/Src/stm32f7xx_hal_rcc.o
                0x0000000008005d0c                HAL_RCC_ClockConfig
 .text.HAL_RCC_GetSysClockFreq
                0x0000000008005ee4      0x18c ./Drivers/STM32F7xx_HAL_Driver/Src/stm32f7xx_hal_rcc.o
                0x0000000008005ee4                HAL_RCC_GetSysClockFreq
 .text.HAL_RCC_GetHCLKFreq
                0x0000000008006070       0x18 ./Drivers/STM32F7xx_HAL_Driver/Src/stm32f7xx_hal_rcc.o
                0x0000000008006070                HAL_RCC_GetHCLKFreq
 .text.HAL_RCC_GetPCLK1Freq
                0x0000000008006088       0x28 ./Drivers/STM32F7xx_HAL_Driver/Src/stm32f7xx_hal_rcc.o
                0x0000000008006088                HAL_RCC_GetPCLK1Freq
 .text.HAL_RCC_GetPCLK2Freq
                0x00000000080060b0       0x28 ./Drivers/STM32F7xx_HAL_Driver/Src/stm32f7xx_hal_rcc.o
                0x00000000080060b0                HAL_RCC_GetPCLK2Freq
 .text.HAL_RCCEx_PeriphCLKConfig
                0x00000000080060d8      0x7e0 ./Drivers/STM32F7xx_HAL_Driver/Src/stm32f7xx_hal_rcc_ex.o
                0x00000000080060d8                HAL_RCCEx_PeriphCLKConfig
 .text.HAL_SDRAM_Init
                0x00000000080068b8       0x68 ./Drivers/STM32F7xx_HAL_Driver/Src/stm32f7xx_hal_sdram.o
                0x00000000080068b8                HAL_SDRAM_Init
 .text.HAL_SDRAM_SendCommand
                0x0000000008006920       0x6a ./Drivers/STM32F7xx_HAL_Driver/Src/stm32f7xx_hal_sdram.o
                0x0000000008006920                HAL_SDRAM_SendCommand
 .text.HAL_SDRAM_ProgramRefreshRate
                0x000000000800698a       0x50 ./Drivers/STM32F7xx_HAL_Driver/Src/stm32f7xx_hal_sdram.o
                0x000000000800698a                HAL_SDRAM_ProgramRefreshRate
 .text.HAL_TIM_Base_Init
                0x00000000080069da       0xae ./Drivers/STM32F7xx_HAL_Driver/Src/stm32f7xx_hal_tim.o
                0x00000000080069da                HAL_TIM_Base_Init
 .text.HAL_TIM_Base_Start_IT
                0x0000000008006a88       0xf0 ./Drivers/STM32F7xx_HAL_Driver/Src/stm32f7xx_hal_tim.o
                0x0000000008006a88                HAL_TIM_Base_Start_IT
 .text.HAL_TIM_IRQHandler
                0x0000000008006b78      0x23e ./Drivers/STM32F7xx_HAL_Driver/Src/stm32f7xx_hal_tim.o
                0x0000000008006b78                HAL_TIM_IRQHandler
 .text.HAL_TIM_OC_DelayElapsedCallback
                0x0000000008006db6       0x14 ./Drivers/STM32F7xx_HAL_Driver/Src/stm32f7xx_hal_tim.o
                0x0000000008006db6                HAL_TIM_OC_DelayElapsedCallback
 .text.HAL_TIM_IC_CaptureCallback
                0x0000000008006dca       0x14 ./Drivers/STM32F7xx_HAL_Driver/Src/stm32f7xx_hal_tim.o
                0x0000000008006dca                HAL_TIM_IC_CaptureCallback
 .text.HAL_TIM_PWM_PulseFinishedCallback
                0x0000000008006dde       0x14 ./Drivers/STM32F7xx_HAL_Driver/Src/stm32f7xx_hal_tim.o
                0x0000000008006dde                HAL_TIM_PWM_PulseFinishedCallback
 .text.HAL_TIM_TriggerCallback
                0x0000000008006df2       0x14 ./Drivers/STM32F7xx_HAL_Driver/Src/stm32f7xx_hal_tim.o
                0x0000000008006df2                HAL_TIM_TriggerCallback
 *fill*         0x0000000008006e06        0x2 
 .text.TIM_Base_SetConfig
                0x0000000008006e08      0x140 ./Drivers/STM32F7xx_HAL_Driver/Src/stm32f7xx_hal_tim.o
                0x0000000008006e08                TIM_Base_SetConfig
 .text.HAL_TIMEx_MasterConfigSynchronization
                0x0000000008006f48      0x11c ./Drivers/STM32F7xx_HAL_Driver/Src/stm32f7xx_hal_tim_ex.o
                0x0000000008006f48                HAL_TIMEx_MasterConfigSynchronization
 .text.HAL_TIMEx_CommutCallback
                0x0000000008007064       0x14 ./Drivers/STM32F7xx_HAL_Driver/Src/stm32f7xx_hal_tim_ex.o
                0x0000000008007064                HAL_TIMEx_CommutCallback
 .text.HAL_TIMEx_BreakCallback
                0x0000000008007078       0x14 ./Drivers/STM32F7xx_HAL_Driver/Src/stm32f7xx_hal_tim_ex.o
                0x0000000008007078                HAL_TIMEx_BreakCallback
 .text.HAL_TIMEx_Break2Callback
                0x000000000800708c       0x14 ./Drivers/STM32F7xx_HAL_Driver/Src/stm32f7xx_hal_tim_ex.o
                0x000000000800708c                HAL_TIMEx_Break2Callback
 .text.HAL_UART_Init
                0x00000000080070a0       0x9c ./Drivers/STM32F7xx_HAL_Driver/Src/stm32f7xx_hal_uart.o
                0x00000000080070a0                HAL_UART_Init
 .text.UART_SetConfig
                0x000000000800713c      0x4c8 ./Drivers/STM32F7xx_HAL_Driver/Src/stm32f7xx_hal_uart.o
                0x000000000800713c                UART_SetConfig
 .text.UART_AdvFeatureConfig
                0x0000000008007604      0x144 ./Drivers/STM32F7xx_HAL_Driver/Src/stm32f7xx_hal_uart.o
                0x0000000008007604                UART_AdvFeatureConfig
 .text.UART_CheckIdleState
                0x0000000008007748       0x6e ./Drivers/STM32F7xx_HAL_Driver/Src/stm32f7xx_hal_uart.o
                0x0000000008007748                UART_CheckIdleState
 .text.UART_WaitOnFlagUntilTimeout
                0x00000000080077b6      0x18c ./Drivers/STM32F7xx_HAL_Driver/Src/stm32f7xx_hal_uart.o
                0x00000000080077b6                UART_WaitOnFlagUntilTimeout
 *fill*         0x0000000008007942        0x2 
 .text.FMC_SDRAM_Init
                0x0000000008007944       0xb8 ./Drivers/STM32F7xx_HAL_Driver/Src/stm32f7xx_ll_fmc.o
                0x0000000008007944                FMC_SDRAM_Init
 .text.FMC_SDRAM_Timing_Init
                0x00000000080079fc       0xd4 ./Drivers/STM32F7xx_HAL_Driver/Src/stm32f7xx_ll_fmc.o
                0x00000000080079fc                FMC_SDRAM_Timing_Init
 .text.FMC_SDRAM_SendCommand
                0x0000000008007ad0       0x48 ./Drivers/STM32F7xx_HAL_Driver/Src/stm32f7xx_ll_fmc.o
                0x0000000008007ad0                FMC_SDRAM_SendCommand
 .text.FMC_SDRAM_ProgramRefreshRate
                0x0000000008007b18       0x30 ./Drivers/STM32F7xx_HAL_Driver/Src/stm32f7xx_ll_fmc.o
                0x0000000008007b18                FMC_SDRAM_ProgramRefreshRate
 .text.__errno  0x0000000008007b48        0xc c:/st/stm32cubeide_1.10.1/stm32cubeide/plugins/com.st.stm32cube.ide.mcu.externaltools.gnu-tools-for-stm32.10.3-2021.10.win32_1.0.0.202111181127/tools/bin/../lib/gcc/arm-none-eabi/10.3.1/../../../../arm-none-eabi/lib/thumb/v7e-m+fp/hard\libc_nano.a(lib_a-errno.o)
                0x0000000008007b48                __errno
 .text.__libc_init_array
                0x0000000008007b54       0x48 c:/st/stm32cubeide_1.10.1/stm32cubeide/plugins/com.st.stm32cube.ide.mcu.externaltools.gnu-tools-for-stm32.10.3-2021.10.win32_1.0.0.202111181127/tools/bin/../lib/gcc/arm-none-eabi/10.3.1/../../../../arm-none-eabi/lib/thumb/v7e-m+fp/hard\libc_nano.a(lib_a-init.o)
                0x0000000008007b54                __libc_init_array
 .text.memset   0x0000000008007b9c       0x10 c:/st/stm32cubeide_1.10.1/stm32cubeide/plugins/com.st.stm32cube.ide.mcu.externaltools.gnu-tools-for-stm32.10.3-2021.10.win32_1.0.0.202111181127/tools/bin/../lib/gcc/arm-none-eabi/10.3.1/../../../../arm-none-eabi/lib/thumb/v7e-m+fp/hard\libc_nano.a(lib_a-memset.o)
                0x0000000008007b9c                memset
 .text.sprintf  0x0000000008007bac       0x40 c:/st/stm32cubeide_1.10.1/stm32cubeide/plugins/com.st.stm32cube.ide.mcu.externaltools.gnu-tools-for-stm32.10.3-2021.10.win32_1.0.0.202111181127/tools/bin/../lib/gcc/arm-none-eabi/10.3.1/../../../../arm-none-eabi/lib/thumb/v7e-m+fp/hard\libc_nano.a(lib_a-sprintf.o)
                0x0000000008007bac                siprintf
                0x0000000008007bac                sprintf
 .text.__ssputs_r
                0x0000000008007bec       0xb6 c:/st/stm32cubeide_1.10.1/stm32cubeide/plugins/com.st.stm32cube.ide.mcu.externaltools.gnu-tools-for-stm32.10.3-2021.10.win32_1.0.0.202111181127/tools/bin/../lib/gcc/arm-none-eabi/10.3.1/../../../../arm-none-eabi/lib/thumb/v7e-m+fp/hard\libc_nano.a(lib_a-nano-svfprintf.o)
                0x0000000008007bec                __ssputs_r
 *fill*         0x0000000008007ca2        0x2 
 .text._svfprintf_r
                0x0000000008007ca4      0x200 c:/st/stm32cubeide_1.10.1/stm32cubeide/plugins/com.st.stm32cube.ide.mcu.externaltools.gnu-tools-for-stm32.10.3-2021.10.win32_1.0.0.202111181127/tools/bin/../lib/gcc/arm-none-eabi/10.3.1/../../../../arm-none-eabi/lib/thumb/v7e-m+fp/hard\libc_nano.a(lib_a-nano-svfprintf.o)
                0x0000000008007ca4                _svfiprintf_r
                0x0000000008007ca4                _svfprintf_r
 .text._printf_common
                0x0000000008007ea4       0xda c:/st/stm32cubeide_1.10.1/stm32cubeide/plugins/com.st.stm32cube.ide.mcu.externaltools.gnu-tools-for-stm32.10.3-2021.10.win32_1.0.0.202111181127/tools/bin/../lib/gcc/arm-none-eabi/10.3.1/../../../../arm-none-eabi/lib/thumb/v7e-m+fp/hard\libc_nano.a(lib_a-nano-vfprintf_i.o)
                0x0000000008007ea4                _printf_common
 *fill*         0x0000000008007f7e        0x2 
 .text._printf_i
                0x0000000008007f80      0x24c c:/st/stm32cubeide_1.10.1/stm32cubeide/plugins/com.st.stm32cube.ide.mcu.externaltools.gnu-tools-for-stm32.10.3-2021.10.win32_1.0.0.202111181127/tools/bin/../lib/gcc/arm-none-eabi/10.3.1/../../../../arm-none-eabi/lib/thumb/v7e-m+fp/hard\libc_nano.a(lib_a-nano-vfprintf_i.o)
                0x0000000008007f80                _printf_i
 .text.memcpy   0x00000000080081cc       0x1c c:/st/stm32cubeide_1.10.1/stm32cubeide/plugins/com.st.stm32cube.ide.mcu.externaltools.gnu-tools-for-stm32.10.3-2021.10.win32_1.0.0.202111181127/tools/bin/../lib/gcc/arm-none-eabi/10.3.1/../../../../arm-none-eabi/lib/thumb/v7e-m+fp/hard\libc_nano.a(lib_a-memcpy-stub.o)
                0x00000000080081cc                memcpy
 .text.memmove  0x00000000080081e8       0x34 c:/st/stm32cubeide_1.10.1/stm32cubeide/plugins/com.st.stm32cube.ide.mcu.externaltools.gnu-tools-for-stm32.10.3-2021.10.win32_1.0.0.202111181127/tools/bin/../lib/gcc/arm-none-eabi/10.3.1/../../../../arm-none-eabi/lib/thumb/v7e-m+fp/hard\libc_nano.a(lib_a-memmove.o)
                0x00000000080081e8                memmove
 .text._free_r  0x000000000800821c       0x98 c:/st/stm32cubeide_1.10.1/stm32cubeide/plugins/com.st.stm32cube.ide.mcu.externaltools.gnu-tools-for-stm32.10.3-2021.10.win32_1.0.0.202111181127/tools/bin/../lib/gcc/arm-none-eabi/10.3.1/../../../../arm-none-eabi/lib/thumb/v7e-m+fp/hard\libc_nano.a(lib_a-nano-freer.o)
                0x000000000800821c                _free_r
 .text.sbrk_aligned
                0x00000000080082b4       0x40 c:/st/stm32cubeide_1.10.1/stm32cubeide/plugins/com.st.stm32cube.ide.mcu.externaltools.gnu-tools-for-stm32.10.3-2021.10.win32_1.0.0.202111181127/tools/bin/../lib/gcc/arm-none-eabi/10.3.1/../../../../arm-none-eabi/lib/thumb/v7e-m+fp/hard\libc_nano.a(lib_a-nano-mallocr.o)
 .text._malloc_r
                0x00000000080082f4       0xe8 c:/st/stm32cubeide_1.10.1/stm32cubeide/plugins/com.st.stm32cube.ide.mcu.externaltools.gnu-tools-for-stm32.10.3-2021.10.win32_1.0.0.202111181127/tools/bin/../lib/gcc/arm-none-eabi/10.3.1/../../../../arm-none-eabi/lib/thumb/v7e-m+fp/hard\libc_nano.a(lib_a-nano-mallocr.o)
                0x00000000080082f4                _malloc_r
 .text._realloc_r
                0x00000000080083dc       0x5e c:/st/stm32cubeide_1.10.1/stm32cubeide/plugins/com.st.stm32cube.ide.mcu.externaltools.gnu-tools-for-stm32.10.3-2021.10.win32_1.0.0.202111181127/tools/bin/../lib/gcc/arm-none-eabi/10.3.1/../../../../arm-none-eabi/lib/thumb/v7e-m+fp/hard\libc_nano.a(lib_a-nano-reallocr.o)
                0x00000000080083dc                _realloc_r
 *fill*         0x000000000800843a        0x2 
 .text._sbrk_r  0x000000000800843c       0x20 c:/st/stm32cubeide_1.10.1/stm32cubeide/plugins/com.st.stm32cube.ide.mcu.externaltools.gnu-tools-for-stm32.10.3-2021.10.win32_1.0.0.202111181127/tools/bin/../lib/gcc/arm-none-eabi/10.3.1/../../../../arm-none-eabi/lib/thumb/v7e-m+fp/hard\libc_nano.a(lib_a-sbrkr.o)
                0x000000000800843c                _sbrk_r
 .text.__malloc_lock
                0x000000000800845c        0xc c:/st/stm32cubeide_1.10.1/stm32cubeide/plugins/com.st.stm32cube.ide.mcu.externaltools.gnu-tools-for-stm32.10.3-2021.10.win32_1.0.0.202111181127/tools/bin/../lib/gcc/arm-none-eabi/10.3.1/../../../../arm-none-eabi/lib/thumb/v7e-m+fp/hard\libc_nano.a(lib_a-mlock.o)
                0x000000000800845c                __malloc_lock
 .text.__malloc_unlock
                0x0000000008008468        0xc c:/st/stm32cubeide_1.10.1/stm32cubeide/plugins/com.st.stm32cube.ide.mcu.externaltools.gnu-tools-for-stm32.10.3-2021.10.win32_1.0.0.202111181127/tools/bin/../lib/gcc/arm-none-eabi/10.3.1/../../../../arm-none-eabi/lib/thumb/v7e-m+fp/hard\libc_nano.a(lib_a-mlock.o)
                0x0000000008008468                __malloc_unlock
 .text._malloc_usable_size_r
                0x0000000008008474       0x10 c:/st/stm32cubeide_1.10.1/stm32cubeide/plugins/com.st.stm32cube.ide.mcu.externaltools.gnu-tools-for-stm32.10.3-2021.10.win32_1.0.0.202111181127/tools/bin/../lib/gcc/arm-none-eabi/10.3.1/../../../../arm-none-eabi/lib/thumb/v7e-m+fp/hard\libc_nano.a(lib_a-nano-msizer.o)
                0x0000000008008474                _malloc_usable_size_r
 .text.__retarget_lock_acquire_recursive
                0x0000000008008484        0x2 c:/st/stm32cubeide_1.10.1/stm32cubeide/plugins/com.st.stm32cube.ide.mcu.externaltools.gnu-tools-for-stm32.10.3-2021.10.win32_1.0.0.202111181127/tools/bin/../lib/gcc/arm-none-eabi/10.3.1/../../../../arm-none-eabi/lib/thumb/v7e-m+fp/hard\libc_nano.a(lib_a-lock.o)
                0x0000000008008484                __retarget_lock_acquire_recursive
 .text.__retarget_lock_release_recursive
                0x0000000008008486        0x2 c:/st/stm32cubeide_1.10.1/stm32cubeide/plugins/com.st.stm32cube.ide.mcu.externaltools.gnu-tools-for-stm32.10.3-2021.10.win32_1.0.0.202111181127/tools/bin/../lib/gcc/arm-none-eabi/10.3.1/../../../../arm-none-eabi/lib/thumb/v7e-m+fp/hard\libc_nano.a(lib_a-lock.o)
                0x0000000008008486                __retarget_lock_release_recursive
 *(.glue_7)
 .glue_7        0x0000000008008488        0x0 linker stubs
 *(.glue_7t)
 .glue_7t       0x0000000008008488        0x0 linker stubs
 *(.eh_frame)
 .eh_frame      0x0000000008008488        0x0 c:/st/stm32cubeide_1.10.1/stm32cubeide/plugins/com.st.stm32cube.ide.mcu.externaltools.gnu-tools-for-stm32.10.3-2021.10.win32_1.0.0.202111181127/tools/bin/../lib/gcc/arm-none-eabi/10.3.1/thumb/v7e-m+fp/hard/crtbegin.o
 *(.init)
 .init          0x0000000008008488        0x4 c:/st/stm32cubeide_1.10.1/stm32cubeide/plugins/com.st.stm32cube.ide.mcu.externaltools.gnu-tools-for-stm32.10.3-2021.10.win32_1.0.0.202111181127/tools/bin/../lib/gcc/arm-none-eabi/10.3.1/thumb/v7e-m+fp/hard/crti.o
                0x0000000008008488                _init
 .init          0x000000000800848c        0x8 c:/st/stm32cubeide_1.10.1/stm32cubeide/plugins/com.st.stm32cube.ide.mcu.externaltools.gnu-tools-for-stm32.10.3-2021.10.win32_1.0.0.202111181127/tools/bin/../lib/gcc/arm-none-eabi/10.3.1/thumb/v7e-m+fp/hard/crtn.o
 *(.fini)
 .fini          0x0000000008008494        0x4 c:/st/stm32cubeide_1.10.1/stm32cubeide/plugins/com.st.stm32cube.ide.mcu.externaltools.gnu-tools-for-stm32.10.3-2021.10.win32_1.0.0.202111181127/tools/bin/../lib/gcc/arm-none-eabi/10.3.1/thumb/v7e-m+fp/hard/crti.o
                0x0000000008008494                _fini
 .fini          0x0000000008008498        0x8 c:/st/stm32cubeide_1.10.1/stm32cubeide/plugins/com.st.stm32cube.ide.mcu.externaltools.gnu-tools-for-stm32.10.3-2021.10.win32_1.0.0.202111181127/tools/bin/../lib/gcc/arm-none-eabi/10.3.1/thumb/v7e-m+fp/hard/crtn.o
                0x00000000080084a0                . = ALIGN (0x4)
                0x00000000080084a0                _etext = .

.vfp11_veneer   0x00000000080084a0        0x0
 .vfp11_veneer  0x00000000080084a0        0x0 linker stubs

.v4_bx          0x00000000080084a0        0x0
 .v4_bx         0x00000000080084a0        0x0 linker stubs

.iplt           0x00000000080084a0        0x0
 .iplt          0x00000000080084a0        0x0 c:/st/stm32cubeide_1.10.1/stm32cubeide/plugins/com.st.stm32cube.ide.mcu.externaltools.gnu-tools-for-stm32.10.3-2021.10.win32_1.0.0.202111181127/tools/bin/../lib/gcc/arm-none-eabi/10.3.1/thumb/v7e-m+fp/hard/crtbegin.o

.rodata         0x00000000080084a0     0x1b98
                0x00000000080084a0                . = ALIGN (0x4)
 *(.rodata)
 .rodata        0x00000000080084a0       0x89 ./Core/Src/main.o
 *(.rodata*)
 *fill*         0x0000000008008529        0x3 
 .rodata.AHBPrescTable
                0x000000000800852c       0x10 ./Core/Src/system_stm32f7xx.o
                0x000000000800852c                AHBPrescTable
 .rodata.APBPrescTable
                0x000000000800853c        0x8 ./Core/Src/system_stm32f7xx.o
                0x000000000800853c                APBPrescTable
 .rodata.Font24_Table
                0x0000000008008544     0x1ab8 ./Drivers/Fonts/font24.o
                0x0000000008008544                Font24_Table
 .rodata.flagBitshiftOffset.0
                0x0000000008009ffc        0x8 ./Drivers/STM32F7xx_HAL_Driver/Src/stm32f7xx_hal_dma.o
 .rodata._svfprintf_r.str1.1
                0x000000000800a004       0x11 c:/st/stm32cubeide_1.10.1/stm32cubeide/plugins/com.st.stm32cube.ide.mcu.externaltools.gnu-tools-for-stm32.10.3-2021.10.win32_1.0.0.202111181127/tools/bin/../lib/gcc/arm-none-eabi/10.3.1/../../../../arm-none-eabi/lib/thumb/v7e-m+fp/hard\libc_nano.a(lib_a-nano-svfprintf.o)
 .rodata._printf_i.str1.1
                0x000000000800a015       0x22 c:/st/stm32cubeide_1.10.1/stm32cubeide/plugins/com.st.stm32cube.ide.mcu.externaltools.gnu-tools-for-stm32.10.3-2021.10.win32_1.0.0.202111181127/tools/bin/../lib/gcc/arm-none-eabi/10.3.1/../../../../arm-none-eabi/lib/thumb/v7e-m+fp/hard\libc_nano.a(lib_a-nano-vfprintf_i.o)
                0x000000000800a038                . = ALIGN (0x4)
 *fill*         0x000000000800a037        0x1 

.ARM.extab      0x000000000800a038        0x0
                0x000000000800a038                . = ALIGN (0x4)
 *(.ARM.extab* .gnu.linkonce.armextab.*)
                0x000000000800a038                . = ALIGN (0x4)

.ARM            0x000000000800a038        0x8
                0x000000000800a038                . = ALIGN (0x4)
                0x000000000800a038                __exidx_start = .
 *(.ARM.exidx*)
 .ARM.exidx     0x000000000800a038        0x8 c:/st/stm32cubeide_1.10.1/stm32cubeide/plugins/com.st.stm32cube.ide.mcu.externaltools.gnu-tools-for-stm32.10.3-2021.10.win32_1.0.0.202111181127/tools/bin/../lib/gcc/arm-none-eabi/10.3.1/thumb/v7e-m+fp/hard\libgcc.a(_udivmoddi4.o)
                0x000000000800a040                __exidx_end = .
                0x000000000800a040                . = ALIGN (0x4)

.rel.dyn        0x000000000800a040        0x0
 .rel.iplt      0x000000000800a040        0x0 c:/st/stm32cubeide_1.10.1/stm32cubeide/plugins/com.st.stm32cube.ide.mcu.externaltools.gnu-tools-for-stm32.10.3-2021.10.win32_1.0.0.202111181127/tools/bin/../lib/gcc/arm-none-eabi/10.3.1/thumb/v7e-m+fp/hard/crtbegin.o

.preinit_array  0x000000000800a040        0x0
                0x000000000800a040                . = ALIGN (0x4)
                0x000000000800a040                PROVIDE (__preinit_array_start = .)
 *(.preinit_array*)
                0x000000000800a040                PROVIDE (__preinit_array_end = .)
                0x000000000800a040                . = ALIGN (0x4)

.init_array     0x000000000800a040        0x4
                0x000000000800a040                . = ALIGN (0x4)
                0x000000000800a040                PROVIDE (__init_array_start = .)
 *(SORT_BY_NAME(.init_array.*))
 *(.init_array*)
 .init_array    0x000000000800a040        0x4 c:/st/stm32cubeide_1.10.1/stm32cubeide/plugins/com.st.stm32cube.ide.mcu.externaltools.gnu-tools-for-stm32.10.3-2021.10.win32_1.0.0.202111181127/tools/bin/../lib/gcc/arm-none-eabi/10.3.1/thumb/v7e-m+fp/hard/crtbegin.o
                0x000000000800a044                PROVIDE (__init_array_end = .)
                0x000000000800a044                . = ALIGN (0x4)

.fini_array     0x000000000800a044        0x4
                0x000000000800a044                . = ALIGN (0x4)
                [!provide]                        PROVIDE (__fini_array_start = .)
 *(SORT_BY_NAME(.fini_array.*))
 *(.fini_array*)
 .fini_array    0x000000000800a044        0x4 c:/st/stm32cubeide_1.10.1/stm32cubeide/plugins/com.st.stm32cube.ide.mcu.externaltools.gnu-tools-for-stm32.10.3-2021.10.win32_1.0.0.202111181127/tools/bin/../lib/gcc/arm-none-eabi/10.3.1/thumb/v7e-m+fp/hard/crtbegin.o
                [!provide]                        PROVIDE (__fini_array_end = .)
                0x000000000800a048                . = ALIGN (0x4)
                0x000000000800a048                _sidata = LOADADDR (.data)

.data           0x0000000020000000       0xa8 load address 0x000000000800a048
                0x0000000020000000                . = ALIGN (0x4)
                0x0000000020000000                _sdata = .
 *(.data)
 *(.data*)
 .data.hr       0x0000000020000000        0x4 ./Core/Src/main.o
                0x0000000020000000                hr
 .data.SystemCoreClock
                0x0000000020000004        0x4 ./Core/Src/system_stm32f7xx.o
                0x0000000020000004                SystemCoreClock
 .data.sdramstatus.3
                0x0000000020000008        0x1 ./Drivers/BSP/stm32746g_discovery_sdram.o
 *fill*         0x0000000020000009        0x3 
 .data.ft5336_ts_drv
                0x000000002000000c       0x28 ./Drivers/Components/ft5336/ft5336.o
                0x000000002000000c                ft5336_ts_drv
 .data.Font24   0x0000000020000034        0x8 ./Drivers/Fonts/font24.o
                0x0000000020000034                Font24
 .data.uwTickPrio
                0x000000002000003c        0x4 ./Drivers/STM32F7xx_HAL_Driver/Src/stm32f7xx_hal.o
                0x000000002000003c                uwTickPrio
 .data.uwTickFreq
                0x0000000020000040        0x1 ./Drivers/STM32F7xx_HAL_Driver/Src/stm32f7xx_hal.o
                0x0000000020000040                uwTickFreq
 *fill*         0x0000000020000041        0x3 
 .data._impure_ptr
                0x0000000020000044        0x4 c:/st/stm32cubeide_1.10.1/stm32cubeide/plugins/com.st.stm32cube.ide.mcu.externaltools.gnu-tools-for-stm32.10.3-2021.10.win32_1.0.0.202111181127/tools/bin/../lib/gcc/arm-none-eabi/10.3.1/../../../../arm-none-eabi/lib/thumb/v7e-m+fp/hard\libc_nano.a(lib_a-impure.o)
                0x0000000020000044                _impure_ptr
 .data.impure_data
                0x0000000020000048       0x60 c:/st/stm32cubeide_1.10.1/stm32cubeide/plugins/com.st.stm32cube.ide.mcu.externaltools.gnu-tools-for-stm32.10.3-2021.10.win32_1.0.0.202111181127/tools/bin/../lib/gcc/arm-none-eabi/10.3.1/../../../../arm-none-eabi/lib/thumb/v7e-m+fp/hard\libc_nano.a(lib_a-impure.o)
 *(.RamFunc)
 *(.RamFunc*)
                0x00000000200000a8                . = ALIGN (0x4)
                0x00000000200000a8                _edata = .

.igot.plt       0x00000000200000a8        0x0 load address 0x000000000800a0f0
 .igot.plt      0x00000000200000a8        0x0 c:/st/stm32cubeide_1.10.1/stm32cubeide/plugins/com.st.stm32cube.ide.mcu.externaltools.gnu-tools-for-stm32.10.3-2021.10.win32_1.0.0.202111181127/tools/bin/../lib/gcc/arm-none-eabi/10.3.1/thumb/v7e-m+fp/hard/crtbegin.o
                0x00000000200000a8                . = ALIGN (0x4)

.bss            0x00000000200000a8      0x550 load address 0x000000000800a0f0
                0x00000000200000a8                _sbss = .
                0x00000000200000a8                __bss_start__ = _sbss
 *(.bss)
 .bss           0x00000000200000a8       0x1c c:/st/stm32cubeide_1.10.1/stm32cubeide/plugins/com.st.stm32cube.ide.mcu.externaltools.gnu-tools-for-stm32.10.3-2021.10.win32_1.0.0.202111181127/tools/bin/../lib/gcc/arm-none-eabi/10.3.1/thumb/v7e-m+fp/hard/crtbegin.o
 *(.bss*)
 .bss.hdma2d    0x00000000200000c4       0x40 ./Core/Src/main.o
                0x00000000200000c4                hdma2d
 .bss.hltdc     0x0000000020000104       0xa8 ./Core/Src/main.o
                0x0000000020000104                hltdc
 .bss.htim6     0x00000000200001ac       0x4c ./Core/Src/main.o
                0x00000000200001ac                htim6
 .bss.huart1    0x00000000200001f8       0x88 ./Core/Src/main.o
                0x00000000200001f8                huart1
 .bss.hsdram1   0x0000000020000280       0x34 ./Core/Src/main.o
                0x0000000020000280                hsdram1
 .bss.clock     0x00000000200002b4       0x32 ./Core/Src/main.o
                0x00000000200002b4                clock
 *fill*         0x00000000200002e6        0x2 
 .bss.count     0x00000000200002e8        0x4 ./Core/Src/main.o
                0x00000000200002e8                count
 .bss.sec       0x00000000200002ec        0x4 ./Core/Src/main.o
                0x00000000200002ec                sec
 .bss.min       0x00000000200002f0        0x4 ./Core/Src/main.o
                0x00000000200002f0                min
 .bss.mode      0x00000000200002f4        0x4 ./Core/Src/main.o
                0x00000000200002f4                mode
 .bss.blink     0x00000000200002f8        0x4 ./Core/Src/main.o
                0x00000000200002f8                blink
 .bss.x         0x00000000200002fc        0x4 ./Core/Src/main.o
                0x00000000200002fc                x
 .bss.y         0x0000000020000300        0x4 ./Core/Src/main.o
                0x0000000020000300                y
 .bss.FMC_Initialized
                0x0000000020000304        0x4 ./Core/Src/stm32f7xx_hal_msp.o
 .bss.__sbrk_heap_end
                0x0000000020000308        0x4 ./Core/Src/sysmem.o
 .bss.hI2cAudioHandler
                0x000000002000030c       0x54 ./Drivers/BSP/stm32746g_discovery.o
 .bss.hLtdcHandler
                0x0000000020000360       0xa8 ./Drivers/BSP/stm32746g_discovery_lcd.o
                0x0000000020000360                hLtdcHandler
 .bss.hDma2dHandler
                0x0000000020000408       0x40 ./Drivers/BSP/stm32746g_discovery_lcd.o
 .bss.ActiveLayer
                0x0000000020000448        0x4 ./Drivers/BSP/stm32746g_discovery_lcd.o
 .bss.DrawProp  0x000000002000044c       0x18 ./Drivers/BSP/stm32746g_discovery_lcd.o
 .bss.periph_clk_init_struct.0
                0x0000000020000464       0x84 ./Drivers/BSP/stm32746g_discovery_lcd.o
 .bss.sdramHandle
                0x00000000200004e8       0x34 ./Drivers/BSP/stm32746g_discovery_sdram.o
                0x00000000200004e8                sdramHandle
 .bss.Timing    0x000000002000051c       0x1c ./Drivers/BSP/stm32746g_discovery_sdram.o
 .bss.Command   0x0000000020000538       0x10 ./Drivers/BSP/stm32746g_discovery_sdram.o
 .bss.dma_handle.1
                0x0000000020000548       0x60 ./Drivers/BSP/stm32746g_discovery_sdram.o
 .bss.tsDriver  0x00000000200005a8        0x4 ./Drivers/BSP/stm32746g_discovery_ts.o
 .bss.tsXBoundary
                0x00000000200005ac        0x2 ./Drivers/BSP/stm32746g_discovery_ts.o
 .bss.tsYBoundary
                0x00000000200005ae        0x2 ./Drivers/BSP/stm32746g_discovery_ts.o
 .bss.tsOrientation
                0x00000000200005b0        0x1 ./Drivers/BSP/stm32746g_discovery_ts.o
 .bss.I2cAddress
                0x00000000200005b1        0x1 ./Drivers/BSP/stm32746g_discovery_ts.o
 *fill*         0x00000000200005b2        0x2 
 .bss._x.1      0x00000000200005b4       0x14 ./Drivers/BSP/stm32746g_discovery_ts.o
 .bss._y.0      0x00000000200005c8       0x14 ./Drivers/BSP/stm32746g_discovery_ts.o
 .bss.ft5336_handle
                0x00000000200005dc        0x3 ./Drivers/Components/ft5336/ft5336.o
 *fill*         0x00000000200005df        0x1 
 .bss.coord.0   0x00000000200005e0        0x2 ./Drivers/Components/ft5336/ft5336.o
 *fill*         0x00000000200005e2        0x2 
 .bss.uwTick    0x00000000200005e4        0x4 ./Drivers/STM32F7xx_HAL_Driver/Src/stm32f7xx_hal.o
                0x00000000200005e4                uwTick
 .bss.__malloc_free_list
                0x00000000200005e8        0x4 c:/st/stm32cubeide_1.10.1/stm32cubeide/plugins/com.st.stm32cube.ide.mcu.externaltools.gnu-tools-for-stm32.10.3-2021.10.win32_1.0.0.202111181127/tools/bin/../lib/gcc/arm-none-eabi/10.3.1/../../../../arm-none-eabi/lib/thumb/v7e-m+fp/hard\libc_nano.a(lib_a-nano-mallocr.o)
                0x00000000200005e8                __malloc_free_list
 .bss.__malloc_sbrk_start
                0x00000000200005ec        0x4 c:/st/stm32cubeide_1.10.1/stm32cubeide/plugins/com.st.stm32cube.ide.mcu.externaltools.gnu-tools-for-stm32.10.3-2021.10.win32_1.0.0.202111181127/tools/bin/../lib/gcc/arm-none-eabi/10.3.1/../../../../arm-none-eabi/lib/thumb/v7e-m+fp/hard\libc_nano.a(lib_a-nano-mallocr.o)
                0x00000000200005ec                __malloc_sbrk_start
 .bss.errno     0x00000000200005f0        0x4 c:/st/stm32cubeide_1.10.1/stm32cubeide/plugins/com.st.stm32cube.ide.mcu.externaltools.gnu-tools-for-stm32.10.3-2021.10.win32_1.0.0.202111181127/tools/bin/../lib/gcc/arm-none-eabi/10.3.1/../../../../arm-none-eabi/lib/thumb/v7e-m+fp/hard\libc_nano.a(lib_a-reent.o)
                0x00000000200005f0                errno
 .bss.__lock___malloc_recursive_mutex
                0x00000000200005f4        0x1 c:/st/stm32cubeide_1.10.1/stm32cubeide/plugins/com.st.stm32cube.ide.mcu.externaltools.gnu-tools-for-stm32.10.3-2021.10.win32_1.0.0.202111181127/tools/bin/../lib/gcc/arm-none-eabi/10.3.1/../../../../arm-none-eabi/lib/thumb/v7e-m+fp/hard\libc_nano.a(lib_a-lock.o)
                0x00000000200005f4                __lock___malloc_recursive_mutex
 *(COMMON)
                0x00000000200005f8                . = ALIGN (0x4)
 *fill*         0x00000000200005f5        0x3 
                0x00000000200005f8                _ebss = .
                0x00000000200005f8                __bss_end__ = _ebss

._user_heap_stack
                0x00000000200005f8      0x600 load address 0x000000000800a0f0
                0x00000000200005f8                . = ALIGN (0x8)
                [!provide]                        PROVIDE (end = .)
                0x00000000200005f8                PROVIDE (_end = .)
                0x00000000200007f8                . = (. + _Min_Heap_Size)
 *fill*         0x00000000200005f8      0x200 
                0x0000000020000bf8                . = (. + _Min_Stack_Size)
 *fill*         0x00000000200007f8      0x400 
                0x0000000020000bf8                . = ALIGN (0x8)

/DISCARD/
 libc.a(*)
 libm.a(*)
 libgcc.a(*)

.ARM.attributes
                0x0000000000000000       0x30
 *(.ARM.attributes)
 .ARM.attributes
                0x0000000000000000       0x1e c:/st/stm32cubeide_1.10.1/stm32cubeide/plugins/com.st.stm32cube.ide.mcu.externaltools.gnu-tools-for-stm32.10.3-2021.10.win32_1.0.0.202111181127/tools/bin/../lib/gcc/arm-none-eabi/10.3.1/thumb/v7e-m+fp/hard/crti.o
 .ARM.attributes
                0x000000000000001e       0x34 c:/st/stm32cubeide_1.10.1/stm32cubeide/plugins/com.st.stm32cube.ide.mcu.externaltools.gnu-tools-for-stm32.10.3-2021.10.win32_1.0.0.202111181127/tools/bin/../lib/gcc/arm-none-eabi/10.3.1/thumb/v7e-m+fp/hard/crtbegin.o
 .ARM.attributes
                0x0000000000000052       0x34 ./Core/Src/main.o
 .ARM.attributes
                0x0000000000000086       0x34 ./Core/Src/stm32f7xx_hal_msp.o
 .ARM.attributes
                0x00000000000000ba       0x34 ./Core/Src/stm32f7xx_it.o
 .ARM.attributes
                0x00000000000000ee       0x34 ./Core/Src/sysmem.o
 .ARM.attributes
                0x0000000000000122       0x34 ./Core/Src/system_stm32f7xx.o
 .ARM.attributes
                0x0000000000000156       0x21 ./Core/Startup/startup_stm32f746nghx.o
 .ARM.attributes
                0x0000000000000177       0x34 ./Drivers/BSP/stm32746g_discovery.o
 .ARM.attributes
                0x00000000000001ab       0x34 ./Drivers/BSP/stm32746g_discovery_lcd.o
 .ARM.attributes
                0x00000000000001df       0x34 ./Drivers/BSP/stm32746g_discovery_sdram.o
 .ARM.attributes
                0x0000000000000213       0x34 ./Drivers/BSP/stm32746g_discovery_ts.o
 .ARM.attributes
                0x0000000000000247       0x34 ./Drivers/Components/ft5336/ft5336.o
 .ARM.attributes
                0x000000000000027b       0x34 ./Drivers/Fonts/font24.o
 .ARM.attributes
                0x00000000000002af       0x34 ./Drivers/STM32F7xx_HAL_Driver/Src/stm32f7xx_hal.o
 .ARM.attributes
                0x00000000000002e3       0x34 ./Drivers/STM32F7xx_HAL_Driver/Src/stm32f7xx_hal_cortex.o
 .ARM.attributes
                0x0000000000000317       0x34 ./Drivers/STM32F7xx_HAL_Driver/Src/stm32f7xx_hal_dma.o
 .ARM.attributes
                0x000000000000034b       0x34 ./Drivers/STM32F7xx_HAL_Driver/Src/stm32f7xx_hal_dma2d.o
 .ARM.attributes
                0x000000000000037f       0x34 ./Drivers/STM32F7xx_HAL_Driver/Src/stm32f7xx_hal_gpio.o
 .ARM.attributes
                0x00000000000003b3       0x34 ./Drivers/STM32F7xx_HAL_Driver/Src/stm32f7xx_hal_i2c.o
 .ARM.attributes
                0x00000000000003e7       0x34 ./Drivers/STM32F7xx_HAL_Driver/Src/stm32f7xx_hal_ltdc.o
 .ARM.attributes
                0x000000000000041b       0x34 ./Drivers/STM32F7xx_HAL_Driver/Src/stm32f7xx_hal_pwr_ex.o
 .ARM.attributes
                0x000000000000044f       0x34 ./Drivers/STM32F7xx_HAL_Driver/Src/stm32f7xx_hal_rcc.o
 .ARM.attributes
                0x0000000000000483       0x34 ./Drivers/STM32F7xx_HAL_Driver/Src/stm32f7xx_hal_rcc_ex.o
 .ARM.attributes
                0x00000000000004b7       0x34 ./Drivers/STM32F7xx_HAL_Driver/Src/stm32f7xx_hal_sdram.o
 .ARM.attributes
                0x00000000000004eb       0x34 ./Drivers/STM32F7xx_HAL_Driver/Src/stm32f7xx_hal_tim.o
 .ARM.attributes
                0x000000000000051f       0x34 ./Drivers/STM32F7xx_HAL_Driver/Src/stm32f7xx_hal_tim_ex.o
 .ARM.attributes
                0x0000000000000553       0x34 ./Drivers/STM32F7xx_HAL_Driver/Src/stm32f7xx_hal_uart.o
 .ARM.attributes
                0x0000000000000587       0x34 ./Drivers/STM32F7xx_HAL_Driver/Src/stm32f7xx_ll_fmc.o
 .ARM.attributes
                0x00000000000005bb       0x34 c:/st/stm32cubeide_1.10.1/stm32cubeide/plugins/com.st.stm32cube.ide.mcu.externaltools.gnu-tools-for-stm32.10.3-2021.10.win32_1.0.0.202111181127/tools/bin/../lib/gcc/arm-none-eabi/10.3.1/../../../../arm-none-eabi/lib/thumb/v7e-m+fp/hard\libc_nano.a(lib_a-errno.o)
 .ARM.attributes
                0x00000000000005ef       0x34 c:/st/stm32cubeide_1.10.1/stm32cubeide/plugins/com.st.stm32cube.ide.mcu.externaltools.gnu-tools-for-stm32.10.3-2021.10.win32_1.0.0.202111181127/tools/bin/../lib/gcc/arm-none-eabi/10.3.1/../../../../arm-none-eabi/lib/thumb/v7e-m+fp/hard\libc_nano.a(lib_a-impure.o)
 .ARM.attributes
                0x0000000000000623       0x34 c:/st/stm32cubeide_1.10.1/stm32cubeide/plugins/com.st.stm32cube.ide.mcu.externaltools.gnu-tools-for-stm32.10.3-2021.10.win32_1.0.0.202111181127/tools/bin/../lib/gcc/arm-none-eabi/10.3.1/../../../../arm-none-eabi/lib/thumb/v7e-m+fp/hard\libc_nano.a(lib_a-init.o)
 .ARM.attributes
                0x0000000000000657       0x34 c:/st/stm32cubeide_1.10.1/stm32cubeide/plugins/com.st.stm32cube.ide.mcu.externaltools.gnu-tools-for-stm32.10.3-2021.10.win32_1.0.0.202111181127/tools/bin/../lib/gcc/arm-none-eabi/10.3.1/../../../../arm-none-eabi/lib/thumb/v7e-m+fp/hard\libc_nano.a(lib_a-memset.o)
 .ARM.attributes
                0x000000000000068b       0x34 c:/st/stm32cubeide_1.10.1/stm32cubeide/plugins/com.st.stm32cube.ide.mcu.externaltools.gnu-tools-for-stm32.10.3-2021.10.win32_1.0.0.202111181127/tools/bin/../lib/gcc/arm-none-eabi/10.3.1/../../../../arm-none-eabi/lib/thumb/v7e-m+fp/hard\libc_nano.a(lib_a-sprintf.o)
 .ARM.attributes
                0x00000000000006bf       0x34 c:/st/stm32cubeide_1.10.1/stm32cubeide/plugins/com.st.stm32cube.ide.mcu.externaltools.gnu-tools-for-stm32.10.3-2021.10.win32_1.0.0.202111181127/tools/bin/../lib/gcc/arm-none-eabi/10.3.1/../../../../arm-none-eabi/lib/thumb/v7e-m+fp/hard\libc_nano.a(lib_a-nano-svfprintf.o)
 .ARM.attributes
                0x00000000000006f3       0x34 c:/st/stm32cubeide_1.10.1/stm32cubeide/plugins/com.st.stm32cube.ide.mcu.externaltools.gnu-tools-for-stm32.10.3-2021.10.win32_1.0.0.202111181127/tools/bin/../lib/gcc/arm-none-eabi/10.3.1/../../../../arm-none-eabi/lib/thumb/v7e-m+fp/hard\libc_nano.a(lib_a-nano-vfprintf_i.o)
 .ARM.attributes
                0x0000000000000727       0x1c c:/st/stm32cubeide_1.10.1/stm32cubeide/plugins/com.st.stm32cube.ide.mcu.externaltools.gnu-tools-for-stm32.10.3-2021.10.win32_1.0.0.202111181127/tools/bin/../lib/gcc/arm-none-eabi/10.3.1/../../../../arm-none-eabi/lib/thumb/v7e-m+fp/hard\libc_nano.a(lib_a-memchr.o)
 .ARM.attributes
                0x0000000000000743       0x34 c:/st/stm32cubeide_1.10.1/stm32cubeide/plugins/com.st.stm32cube.ide.mcu.externaltools.gnu-tools-for-stm32.10.3-2021.10.win32_1.0.0.202111181127/tools/bin/../lib/gcc/arm-none-eabi/10.3.1/../../../../arm-none-eabi/lib/thumb/v7e-m+fp/hard\libc_nano.a(lib_a-memcpy-stub.o)
 .ARM.attributes
                0x0000000000000777       0x34 c:/st/stm32cubeide_1.10.1/stm32cubeide/plugins/com.st.stm32cube.ide.mcu.externaltools.gnu-tools-for-stm32.10.3-2021.10.win32_1.0.0.202111181127/tools/bin/../lib/gcc/arm-none-eabi/10.3.1/../../../../arm-none-eabi/lib/thumb/v7e-m+fp/hard\libc_nano.a(lib_a-memmove.o)
 .ARM.attributes
                0x00000000000007ab       0x34 c:/st/stm32cubeide_1.10.1/stm32cubeide/plugins/com.st.stm32cube.ide.mcu.externaltools.gnu-tools-for-stm32.10.3-2021.10.win32_1.0.0.202111181127/tools/bin/../lib/gcc/arm-none-eabi/10.3.1/../../../../arm-none-eabi/lib/thumb/v7e-m+fp/hard\libc_nano.a(lib_a-nano-freer.o)
 .ARM.attributes
                0x00000000000007df       0x34 c:/st/stm32cubeide_1.10.1/stm32cubeide/plugins/com.st.stm32cube.ide.mcu.externaltools.gnu-tools-for-stm32.10.3-2021.10.win32_1.0.0.202111181127/tools/bin/../lib/gcc/arm-none-eabi/10.3.1/../../../../arm-none-eabi/lib/thumb/v7e-m+fp/hard\libc_nano.a(lib_a-nano-mallocr.o)
 .ARM.attributes
                0x0000000000000813       0x34 c:/st/stm32cubeide_1.10.1/stm32cubeide/plugins/com.st.stm32cube.ide.mcu.externaltools.gnu-tools-for-stm32.10.3-2021.10.win32_1.0.0.202111181127/tools/bin/../lib/gcc/arm-none-eabi/10.3.1/../../../../arm-none-eabi/lib/thumb/v7e-m+fp/hard\libc_nano.a(lib_a-nano-reallocr.o)
 .ARM.attributes
                0x0000000000000847       0x34 c:/st/stm32cubeide_1.10.1/stm32cubeide/plugins/com.st.stm32cube.ide.mcu.externaltools.gnu-tools-for-stm32.10.3-2021.10.win32_1.0.0.202111181127/tools/bin/../lib/gcc/arm-none-eabi/10.3.1/../../../../arm-none-eabi/lib/thumb/v7e-m+fp/hard\libc_nano.a(lib_a-sbrkr.o)
 .ARM.attributes
                0x000000000000087b       0x34 c:/st/stm32cubeide_1.10.1/stm32cubeide/plugins/com.st.stm32cube.ide.mcu.externaltools.gnu-tools-for-stm32.10.3-2021.10.win32_1.0.0.202111181127/tools/bin/../lib/gcc/arm-none-eabi/10.3.1/../../../../arm-none-eabi/lib/thumb/v7e-m+fp/hard\libc_nano.a(lib_a-mlock.o)
 .ARM.attributes
                0x00000000000008af       0x34 c:/st/stm32cubeide_1.10.1/stm32cubeide/plugins/com.st.stm32cube.ide.mcu.externaltools.gnu-tools-for-stm32.10.3-2021.10.win32_1.0.0.202111181127/tools/bin/../lib/gcc/arm-none-eabi/10.3.1/../../../../arm-none-eabi/lib/thumb/v7e-m+fp/hard\libc_nano.a(lib_a-nano-msizer.o)
 .ARM.attributes
                0x00000000000008e3       0x34 c:/st/stm32cubeide_1.10.1/stm32cubeide/plugins/com.st.stm32cube.ide.mcu.externaltools.gnu-tools-for-stm32.10.3-2021.10.win32_1.0.0.202111181127/tools/bin/../lib/gcc/arm-none-eabi/10.3.1/../../../../arm-none-eabi/lib/thumb/v7e-m+fp/hard\libc_nano.a(lib_a-reent.o)
 .ARM.attributes
                0x0000000000000917       0x34 c:/st/stm32cubeide_1.10.1/stm32cubeide/plugins/com.st.stm32cube.ide.mcu.externaltools.gnu-tools-for-stm32.10.3-2021.10.win32_1.0.0.202111181127/tools/bin/../lib/gcc/arm-none-eabi/10.3.1/../../../../arm-none-eabi/lib/thumb/v7e-m+fp/hard\libc_nano.a(lib_a-lock.o)
 .ARM.attributes
                0x000000000000094b       0x1e c:/st/stm32cubeide_1.10.1/stm32cubeide/plugins/com.st.stm32cube.ide.mcu.externaltools.gnu-tools-for-stm32.10.3-2021.10.win32_1.0.0.202111181127/tools/bin/../lib/gcc/arm-none-eabi/10.3.1/thumb/v7e-m+fp/hard\libgcc.a(_aeabi_uldivmod.o)
 .ARM.attributes
                0x0000000000000969       0x34 c:/st/stm32cubeide_1.10.1/stm32cubeide/plugins/com.st.stm32cube.ide.mcu.externaltools.gnu-tools-for-stm32.10.3-2021.10.win32_1.0.0.202111181127/tools/bin/../lib/gcc/arm-none-eabi/10.3.1/thumb/v7e-m+fp/hard\libgcc.a(_udivmoddi4.o)
 .ARM.attributes
                0x000000000000099d       0x1e c:/st/stm32cubeide_1.10.1/stm32cubeide/plugins/com.st.stm32cube.ide.mcu.externaltools.gnu-tools-for-stm32.10.3-2021.10.win32_1.0.0.202111181127/tools/bin/../lib/gcc/arm-none-eabi/10.3.1/thumb/v7e-m+fp/hard\libgcc.a(_dvmd_tls.o)
 .ARM.attributes
                0x00000000000009bb       0x1e c:/st/stm32cubeide_1.10.1/stm32cubeide/plugins/com.st.stm32cube.ide.mcu.externaltools.gnu-tools-for-stm32.10.3-2021.10.win32_1.0.0.202111181127/tools/bin/../lib/gcc/arm-none-eabi/10.3.1/thumb/v7e-m+fp/hard/crtn.o
OUTPUT(Digital_Clock.elf elf32-littlearm)
LOAD linker stubs
LOAD c:/st/stm32cubeide_1.10.1/stm32cubeide/plugins/com.st.stm32cube.ide.mcu.externaltools.gnu-tools-for-stm32.10.3-2021.10.win32_1.0.0.202111181127/tools/bin/../lib/gcc/arm-none-eabi/10.3.1/../../../../arm-none-eabi/lib/thumb/v7e-m+fp/hard\libc.a
LOAD c:/st/stm32cubeide_1.10.1/stm32cubeide/plugins/com.st.stm32cube.ide.mcu.externaltools.gnu-tools-for-stm32.10.3-2021.10.win32_1.0.0.202111181127/tools/bin/../lib/gcc/arm-none-eabi/10.3.1/../../../../arm-none-eabi/lib/thumb/v7e-m+fp/hard\libm.a
LOAD c:/st/stm32cubeide_1.10.1/stm32cubeide/plugins/com.st.stm32cube.ide.mcu.externaltools.gnu-tools-for-stm32.10.3-2021.10.win32_1.0.0.202111181127/tools/bin/../lib/gcc/arm-none-eabi/10.3.1/thumb/v7e-m+fp/hard\libgcc.a

.debug_info     0x0000000000000000    0x1d9c1
 .debug_info    0x0000000000000000     0x20bc ./Core/Src/main.o
 .debug_info    0x00000000000020bc     0x1e9f ./Core/Src/stm32f7xx_hal_msp.o
 .debug_info    0x0000000000003f5b      0x781 ./Core/Src/stm32f7xx_it.o
 .debug_info    0x00000000000046dc      0x171 ./Core/Src/sysmem.o
 .debug_info    0x000000000000484d      0x72c ./Core/Src/system_stm32f7xx.o
 .debug_info    0x0000000000004f79       0x22 ./Core/Startup/startup_stm32f746nghx.o
 .debug_info    0x0000000000004f9b     0x1c95 ./Drivers/BSP/stm32746g_discovery.o
 .debug_info    0x0000000000006c30     0x2605 ./Drivers/BSP/stm32746g_discovery_lcd.o
 .debug_info    0x0000000000009235     0x10d8 ./Drivers/BSP/stm32746g_discovery_sdram.o
 .debug_info    0x000000000000a30d      0x9c8 ./Drivers/BSP/stm32746g_discovery_ts.o
 .debug_info    0x000000000000acd5      0x631 ./Drivers/Components/ft5336/ft5336.o
 .debug_info    0x000000000000b306      0x127 ./Drivers/Fonts/font24.o
 .debug_info    0x000000000000b42d      0xa0c ./Drivers/STM32F7xx_HAL_Driver/Src/stm32f7xx_hal.o
 .debug_info    0x000000000000be39     0x105a ./Drivers/STM32F7xx_HAL_Driver/Src/stm32f7xx_hal_cortex.o
 .debug_info    0x000000000000ce93      0x94f ./Drivers/STM32F7xx_HAL_Driver/Src/stm32f7xx_hal_dma.o
 .debug_info    0x000000000000d7e2      0xf9f ./Drivers/STM32F7xx_HAL_Driver/Src/stm32f7xx_hal_dma2d.o
 .debug_info    0x000000000000e781      0x794 ./Drivers/STM32F7xx_HAL_Driver/Src/stm32f7xx_hal_gpio.o
 .debug_info    0x000000000000ef15     0x22d3 ./Drivers/STM32F7xx_HAL_Driver/Src/stm32f7xx_hal_i2c.o
 .debug_info    0x00000000000111e8     0x114d ./Drivers/STM32F7xx_HAL_Driver/Src/stm32f7xx_hal_ltdc.o
 .debug_info    0x0000000000012335      0x92e ./Drivers/STM32F7xx_HAL_Driver/Src/stm32f7xx_hal_pwr_ex.o
 .debug_info    0x0000000000012c63      0x99c ./Drivers/STM32F7xx_HAL_Driver/Src/stm32f7xx_hal_rcc.o
 .debug_info    0x00000000000135ff      0x764 ./Drivers/STM32F7xx_HAL_Driver/Src/stm32f7xx_hal_rcc_ex.o
 .debug_info    0x0000000000013d63      0xf46 ./Drivers/STM32F7xx_HAL_Driver/Src/stm32f7xx_hal_sdram.o
 .debug_info    0x0000000000014ca9     0x2d22 ./Drivers/STM32F7xx_HAL_Driver/Src/stm32f7xx_hal_tim.o
 .debug_info    0x00000000000179cb     0x16f5 ./Drivers/STM32F7xx_HAL_Driver/Src/stm32f7xx_hal_tim_ex.o
 .debug_info    0x00000000000190c0     0x3ccc ./Drivers/STM32F7xx_HAL_Driver/Src/stm32f7xx_hal_uart.o
 .debug_info    0x000000000001cd8c      0xc35 ./Drivers/STM32F7xx_HAL_Driver/Src/stm32f7xx_ll_fmc.o

.debug_abbrev   0x0000000000000000     0x3830
 .debug_abbrev  0x0000000000000000      0x31f ./Core/Src/main.o
 .debug_abbrev  0x000000000000031f      0x2a2 ./Core/Src/stm32f7xx_hal_msp.o
 .debug_abbrev  0x00000000000005c1      0x184 ./Core/Src/stm32f7xx_it.o
 .debug_abbrev  0x0000000000000745       0xbb ./Core/Src/sysmem.o
 .debug_abbrev  0x0000000000000800      0x136 ./Core/Src/system_stm32f7xx.o
 .debug_abbrev  0x0000000000000936       0x12 ./Core/Startup/startup_stm32f746nghx.o
 .debug_abbrev  0x0000000000000948      0x2ef ./Drivers/BSP/stm32746g_discovery.o
 .debug_abbrev  0x0000000000000c37      0x2e8 ./Drivers/BSP/stm32746g_discovery_lcd.o
 .debug_abbrev  0x0000000000000f1f      0x26f ./Drivers/BSP/stm32746g_discovery_sdram.o
 .debug_abbrev  0x000000000000118e      0x269 ./Drivers/BSP/stm32746g_discovery_ts.o
 .debug_abbrev  0x00000000000013f7      0x251 ./Drivers/Components/ft5336/ft5336.o
 .debug_abbrev  0x0000000000001648       0xb1 ./Drivers/Fonts/font24.o
 .debug_abbrev  0x00000000000016f9      0x20d ./Drivers/STM32F7xx_HAL_Driver/Src/stm32f7xx_hal.o
 .debug_abbrev  0x0000000000001906      0x316 ./Drivers/STM32F7xx_HAL_Driver/Src/stm32f7xx_hal_cortex.o
 .debug_abbrev  0x0000000000001c1c      0x25b ./Drivers/STM32F7xx_HAL_Driver/Src/stm32f7xx_hal_dma.o
 .debug_abbrev  0x0000000000001e77      0x22e ./Drivers/STM32F7xx_HAL_Driver/Src/stm32f7xx_hal_dma2d.o
 .debug_abbrev  0x00000000000020a5      0x1c4 ./Drivers/STM32F7xx_HAL_Driver/Src/stm32f7xx_hal_gpio.o
 .debug_abbrev  0x0000000000002269      0x243 ./Drivers/STM32F7xx_HAL_Driver/Src/stm32f7xx_hal_i2c.o
 .debug_abbrev  0x00000000000024ac      0x221 ./Drivers/STM32F7xx_HAL_Driver/Src/stm32f7xx_hal_ltdc.o
 .debug_abbrev  0x00000000000026cd      0x1cb ./Drivers/STM32F7xx_HAL_Driver/Src/stm32f7xx_hal_pwr_ex.o
 .debug_abbrev  0x0000000000002898      0x27b ./Drivers/STM32F7xx_HAL_Driver/Src/stm32f7xx_hal_rcc.o
 .debug_abbrev  0x0000000000002b13      0x1b9 ./Drivers/STM32F7xx_HAL_Driver/Src/stm32f7xx_hal_rcc_ex.o
 .debug_abbrev  0x0000000000002ccc      0x230 ./Drivers/STM32F7xx_HAL_Driver/Src/stm32f7xx_hal_sdram.o
 .debug_abbrev  0x0000000000002efc      0x264 ./Drivers/STM32F7xx_HAL_Driver/Src/stm32f7xx_hal_tim.o
 .debug_abbrev  0x0000000000003160      0x26c ./Drivers/STM32F7xx_HAL_Driver/Src/stm32f7xx_hal_tim_ex.o
 .debug_abbrev  0x00000000000033cc      0x2ce ./Drivers/STM32F7xx_HAL_Driver/Src/stm32f7xx_hal_uart.o
 .debug_abbrev  0x000000000000369a      0x196 ./Drivers/STM32F7xx_HAL_Driver/Src/stm32f7xx_ll_fmc.o

.debug_aranges  0x0000000000000000     0x18c8
 .debug_aranges
                0x0000000000000000       0x70 ./Core/Src/main.o
 .debug_aranges
                0x0000000000000070       0x80 ./Core/Src/stm32f7xx_hal_msp.o
 .debug_aranges
                0x00000000000000f0       0x68 ./Core/Src/stm32f7xx_it.o
 .debug_aranges
                0x0000000000000158       0x20 ./Core/Src/sysmem.o
 .debug_aranges
                0x0000000000000178       0x28 ./Core/Src/system_stm32f7xx.o
 .debug_aranges
                0x00000000000001a0       0x28 ./Core/Startup/startup_stm32f746nghx.o
 .debug_aranges
                0x00000000000001c8      0x128 ./Drivers/BSP/stm32746g_discovery.o
 .debug_aranges
                0x00000000000002f0      0x1d8 ./Drivers/BSP/stm32746g_discovery_lcd.o
 .debug_aranges
                0x00000000000004c8       0x68 ./Drivers/BSP/stm32746g_discovery_sdram.o
 .debug_aranges
                0x0000000000000530       0x58 ./Drivers/BSP/stm32746g_discovery_ts.o
 .debug_aranges
                0x0000000000000588       0x90 ./Drivers/Components/ft5336/ft5336.o
 .debug_aranges
                0x0000000000000618       0x18 ./Drivers/Fonts/font24.o
 .debug_aranges
                0x0000000000000630      0x100 ./Drivers/STM32F7xx_HAL_Driver/Src/stm32f7xx_hal.o
 .debug_aranges
                0x0000000000000730      0x118 ./Drivers/STM32F7xx_HAL_Driver/Src/stm32f7xx_hal_cortex.o
 .debug_aranges
                0x0000000000000848       0x90 ./Drivers/STM32F7xx_HAL_Driver/Src/stm32f7xx_hal_dma.o
 .debug_aranges
                0x00000000000008d8      0x118 ./Drivers/STM32F7xx_HAL_Driver/Src/stm32f7xx_hal_dma2d.o
 .debug_aranges
                0x00000000000009f0       0x58 ./Drivers/STM32F7xx_HAL_Driver/Src/stm32f7xx_hal_gpio.o
 .debug_aranges
                0x0000000000000a48      0x2a0 ./Drivers/STM32F7xx_HAL_Driver/Src/stm32f7xx_hal_i2c.o
 .debug_aranges
                0x0000000000000ce8      0x158 ./Drivers/STM32F7xx_HAL_Driver/Src/stm32f7xx_hal_ltdc.o
 .debug_aranges
                0x0000000000000e40       0x80 ./Drivers/STM32F7xx_HAL_Driver/Src/stm32f7xx_hal_pwr_ex.o
 .debug_aranges
                0x0000000000000ec0       0x88 ./Drivers/STM32F7xx_HAL_Driver/Src/stm32f7xx_hal_rcc.o
 .debug_aranges
                0x0000000000000f48       0x50 ./Drivers/STM32F7xx_HAL_Driver/Src/stm32f7xx_hal_rcc_ex.o
 .debug_aranges
                0x0000000000000f98       0xe8 ./Drivers/STM32F7xx_HAL_Driver/Src/stm32f7xx_hal_sdram.o
 .debug_aranges
                0x0000000000001080      0x3e0 ./Drivers/STM32F7xx_HAL_Driver/Src/stm32f7xx_hal_tim.o
 .debug_aranges
                0x0000000000001460      0x178 ./Drivers/STM32F7xx_HAL_Driver/Src/stm32f7xx_hal_tim_ex.o
 .debug_aranges
                0x00000000000015d8      0x228 ./Drivers/STM32F7xx_HAL_Driver/Src/stm32f7xx_hal_uart.o
 .debug_aranges
                0x0000000000001800       0xc8 ./Drivers/STM32F7xx_HAL_Driver/Src/stm32f7xx_ll_fmc.o

.debug_ranges   0x0000000000000000     0x1748
 .debug_ranges  0x0000000000000000       0x60 ./Core/Src/main.o
 .debug_ranges  0x0000000000000060       0x70 ./Core/Src/stm32f7xx_hal_msp.o
 .debug_ranges  0x00000000000000d0       0x58 ./Core/Src/stm32f7xx_it.o
 .debug_ranges  0x0000000000000128       0x10 ./Core/Src/sysmem.o
 .debug_ranges  0x0000000000000138       0x18 ./Core/Src/system_stm32f7xx.o
 .debug_ranges  0x0000000000000150       0x20 ./Core/Startup/startup_stm32f746nghx.o
 .debug_ranges  0x0000000000000170      0x118 ./Drivers/BSP/stm32746g_discovery.o
 .debug_ranges  0x0000000000000288      0x1c8 ./Drivers/BSP/stm32746g_discovery_lcd.o
 .debug_ranges  0x0000000000000450       0x58 ./Drivers/BSP/stm32746g_discovery_sdram.o
 .debug_ranges  0x00000000000004a8       0x48 ./Drivers/BSP/stm32746g_discovery_ts.o
 .debug_ranges  0x00000000000004f0       0x80 ./Drivers/Components/ft5336/ft5336.o
 .debug_ranges  0x0000000000000570       0xf0 ./Drivers/STM32F7xx_HAL_Driver/Src/stm32f7xx_hal.o
 .debug_ranges  0x0000000000000660      0x108 ./Drivers/STM32F7xx_HAL_Driver/Src/stm32f7xx_hal_cortex.o
 .debug_ranges  0x0000000000000768       0x80 ./Drivers/STM32F7xx_HAL_Driver/Src/stm32f7xx_hal_dma.o
 .debug_ranges  0x00000000000007e8      0x108 ./Drivers/STM32F7xx_HAL_Driver/Src/stm32f7xx_hal_dma2d.o
 .debug_ranges  0x00000000000008f0       0x48 ./Drivers/STM32F7xx_HAL_Driver/Src/stm32f7xx_hal_gpio.o
 .debug_ranges  0x0000000000000938      0x290 ./Drivers/STM32F7xx_HAL_Driver/Src/stm32f7xx_hal_i2c.o
 .debug_ranges  0x0000000000000bc8      0x148 ./Drivers/STM32F7xx_HAL_Driver/Src/stm32f7xx_hal_ltdc.o
 .debug_ranges  0x0000000000000d10       0x70 ./Drivers/STM32F7xx_HAL_Driver/Src/stm32f7xx_hal_pwr_ex.o
 .debug_ranges  0x0000000000000d80       0x78 ./Drivers/STM32F7xx_HAL_Driver/Src/stm32f7xx_hal_rcc.o
 .debug_ranges  0x0000000000000df8       0x40 ./Drivers/STM32F7xx_HAL_Driver/Src/stm32f7xx_hal_rcc_ex.o
 .debug_ranges  0x0000000000000e38       0xd8 ./Drivers/STM32F7xx_HAL_Driver/Src/stm32f7xx_hal_sdram.o
 .debug_ranges  0x0000000000000f10      0x3d0 ./Drivers/STM32F7xx_HAL_Driver/Src/stm32f7xx_hal_tim.o
 .debug_ranges  0x00000000000012e0      0x168 ./Drivers/STM32F7xx_HAL_Driver/Src/stm32f7xx_hal_tim_ex.o
 .debug_ranges  0x0000000000001448      0x248 ./Drivers/STM32F7xx_HAL_Driver/Src/stm32f7xx_hal_uart.o
 .debug_ranges  0x0000000000001690       0xb8 ./Drivers/STM32F7xx_HAL_Driver/Src/stm32f7xx_ll_fmc.o

.debug_macro    0x0000000000000000    0x29f9e
 .debug_macro   0x0000000000000000      0x3ed ./Core/Src/main.o
 .debug_macro   0x00000000000003ed      0xa78 ./Core/Src/main.o
 .debug_macro   0x0000000000000e65      0x2a5 ./Core/Src/main.o
 .debug_macro   0x000000000000110a       0x2e ./Core/Src/main.o
 .debug_macro   0x0000000000001138       0x3b ./Core/Src/main.o
 .debug_macro   0x0000000000001173       0x22 ./Core/Src/main.o
 .debug_macro   0x0000000000001195       0x8e ./Core/Src/main.o
 .debug_macro   0x0000000000001223       0x51 ./Core/Src/main.o
 .debug_macro   0x0000000000001274      0x103 ./Core/Src/main.o
 .debug_macro   0x0000000000001377       0x6a ./Core/Src/main.o
 .debug_macro   0x00000000000013e1      0x1df ./Core/Src/main.o
 .debug_macro   0x00000000000015c0       0x1c ./Core/Src/main.o
 .debug_macro   0x00000000000015dc       0x22 ./Core/Src/main.o
 .debug_macro   0x00000000000015fe       0xd9 ./Core/Src/main.o
 .debug_macro   0x00000000000016d7     0x12cd ./Core/Src/main.o
 .debug_macro   0x00000000000029a4      0x11f ./Core/Src/main.o
 .debug_macro   0x0000000000002ac3       0x19 ./Core/Src/main.o
 .debug_macro   0x0000000000002adc    0x1920a ./Core/Src/main.o
 .debug_macro   0x000000000001bce6       0x6d ./Core/Src/main.o
 .debug_macro   0x000000000001bd53     0x3749 ./Core/Src/main.o
 .debug_macro   0x000000000001f49c      0x174 ./Core/Src/main.o
 .debug_macro   0x000000000001f610       0x63 ./Core/Src/main.o
 .debug_macro   0x000000000001f673     0x18ad ./Core/Src/main.o
 .debug_macro   0x0000000000020f20      0x6c4 ./Core/Src/main.o
 .debug_macro   0x00000000000215e4      0x185 ./Core/Src/main.o
 .debug_macro   0x0000000000021769      0x115 ./Core/Src/main.o
 .debug_macro   0x000000000002187e      0x1fd ./Core/Src/main.o
 .debug_macro   0x0000000000021a7b       0xa5 ./Core/Src/main.o
 .debug_macro   0x0000000000021b20      0x24f ./Core/Src/main.o
 .debug_macro   0x0000000000021d6f       0x41 ./Core/Src/main.o
 .debug_macro   0x0000000000021db0       0x58 ./Core/Src/main.o
 .debug_macro   0x0000000000021e08      0x236 ./Core/Src/main.o
 .debug_macro   0x000000000002203e      0x208 ./Core/Src/main.o
 .debug_macro   0x0000000000022246      0x14e ./Core/Src/main.o
 .debug_macro   0x0000000000022394      0x25a ./Core/Src/main.o
 .debug_macro   0x00000000000225ee       0x12 ./Core/Src/main.o
 .debug_macro   0x0000000000022600      0x504 ./Core/Src/main.o
 .debug_macro   0x0000000000022b04      0x22c ./Core/Src/main.o
 .debug_macro   0x0000000000022d30       0x61 ./Core/Src/main.o
 .debug_macro   0x0000000000022d91       0xa5 ./Core/Src/main.o
 .debug_macro   0x0000000000022e36      0x198 ./Core/Src/main.o
 .debug_macro   0x0000000000022fce       0xd6 ./Core/Src/main.o
 .debug_macro   0x00000000000230a4      0x12e ./Core/Src/main.o
 .debug_macro   0x00000000000231d2      0x108 ./Core/Src/main.o
 .debug_macro   0x00000000000232da       0x35 ./Core/Src/main.o
 .debug_macro   0x000000000002330f      0xa7c ./Core/Src/main.o
 .debug_macro   0x0000000000023d8b       0x59 ./Core/Src/main.o
 .debug_macro   0x0000000000023de4      0x56d ./Core/Src/main.o
 .debug_macro   0x0000000000024351       0x44 ./Core/Src/main.o
 .debug_macro   0x0000000000024395      0x14d ./Core/Src/main.o
 .debug_macro   0x00000000000244e2      0x89c ./Core/Src/main.o
 .debug_macro   0x0000000000024d7e      0x25f ./Core/Src/main.o
 .debug_macro   0x0000000000024fdd       0x10 ./Core/Src/main.o
 .debug_macro   0x0000000000024fed      0x39e ./Core/Src/main.o
 .debug_macro   0x000000000002538b       0x2e ./Core/Src/main.o
 .debug_macro   0x00000000000253b9       0x40 ./Core/Src/main.o
 .debug_macro   0x00000000000253f9       0xa0 ./Core/Src/main.o
 .debug_macro   0x0000000000025499       0x10 ./Core/Src/main.o
 .debug_macro   0x00000000000254a9      0x119 ./Core/Src/main.o
 .debug_macro   0x00000000000255c2       0x52 ./Core/Src/main.o
 .debug_macro   0x0000000000025614       0x1e ./Core/Src/main.o
 .debug_macro   0x0000000000025632       0x3c ./Core/Src/main.o
 .debug_macro   0x000000000002566e       0x34 ./Core/Src/main.o
 .debug_macro   0x00000000000256a2       0x16 ./Core/Src/main.o
 .debug_macro   0x00000000000256b8       0x35 ./Core/Src/main.o
 .debug_macro   0x00000000000256ed      0x341 ./Core/Src/main.o
 .debug_macro   0x0000000000025a2e       0x10 ./Core/Src/main.o
 .debug_macro   0x0000000000025a3e       0x16 ./Core/Src/main.o
 .debug_macro   0x0000000000025a54       0x43 ./Core/Src/main.o
 .debug_macro   0x0000000000025a97       0x34 ./Core/Src/main.o
 .debug_macro   0x0000000000025acb       0x10 ./Core/Src/main.o
 .debug_macro   0x0000000000025adb       0x58 ./Core/Src/main.o
 .debug_macro   0x0000000000025b33       0x71 ./Core/Src/main.o
 .debug_macro   0x0000000000025ba4       0x1c ./Core/Src/main.o
 .debug_macro   0x0000000000025bc0      0x12a ./Core/Src/main.o
 .debug_macro   0x0000000000025cea       0x10 ./Core/Src/main.o
 .debug_macro   0x0000000000025cfa       0x1c ./Core/Src/main.o
 .debug_macro   0x0000000000025d16       0x52 ./Core/Src/main.o
 .debug_macro   0x0000000000025d68       0x22 ./Core/Src/main.o
 .debug_macro   0x0000000000025d8a       0x10 ./Core/Src/main.o
 .debug_macro   0x0000000000025d9a       0x52 ./Core/Src/main.o
 .debug_macro   0x0000000000025dec       0xd5 ./Core/Src/main.o
 .debug_macro   0x0000000000025ec1       0x1c ./Core/Src/main.o
 .debug_macro   0x0000000000025edd       0x3d ./Core/Src/main.o
 .debug_macro   0x0000000000025f1a       0x16 ./Core/Src/main.o
 .debug_macro   0x0000000000025f30      0x145 ./Core/Src/main.o
 .debug_macro   0x0000000000026075      0x230 ./Core/Src/stm32f7xx_hal_msp.o
 .debug_macro   0x00000000000262a5      0x23a ./Core/Src/stm32f7xx_it.o
 .debug_macro   0x00000000000264df       0xff ./Core/Src/sysmem.o
 .debug_macro   0x00000000000265de      0x23b ./Core/Src/sysmem.o
 .debug_macro   0x0000000000026819      0x221 ./Core/Src/system_stm32f7xx.o
 .debug_macro   0x0000000000026a3a      0x24e ./Drivers/BSP/stm32746g_discovery.o
 .debug_macro   0x0000000000026c88      0x259 ./Drivers/BSP/stm32746g_discovery.o
 .debug_macro   0x0000000000026ee1      0x26c ./Drivers/BSP/stm32746g_discovery_lcd.o
 .debug_macro   0x000000000002714d       0x9a ./Drivers/BSP/stm32746g_discovery_lcd.o
 .debug_macro   0x00000000000271e7      0x268 ./Drivers/BSP/stm32746g_discovery_lcd.o
 .debug_macro   0x000000000002744f      0x12a ./Drivers/BSP/stm32746g_discovery_lcd.o
 .debug_macro   0x0000000000027579      0x230 ./Drivers/BSP/stm32746g_discovery_sdram.o
 .debug_macro   0x00000000000277a9       0x9a ./Drivers/BSP/stm32746g_discovery_sdram.o