../Drivers/BSP/stm32746g_discovery_lcd.c:144:9:BSP_LCD_Init	8	static
../Drivers/BSP/stm32746g_discovery_lcd.c:206:9:BSP_LCD_DeInit	8	static
../Drivers/BSP/stm32746g_discovery_lcd.c:227:10:BSP_LCD_GetXSize	4	static
../Drivers/BSP/stm32746g_discovery_lcd.c:236:10:BSP_LCD_GetYSize	4	static
../Drivers/BSP/stm32746g_discovery_lcd.c:246:6:BSP_LCD_SetXSize	16	static
../Drivers/BSP/stm32746g_discovery_lcd.c:256:6:BSP_LCD_SetYSize	16	static
../Drivers/BSP/stm32746g_discovery_lcd.c:267:6:BSP_LCD_LayerDefaultInit	72	static
../Drivers/BSP/stm32746g_discovery_lcd.c:301:6:BSP_LCD_LayerRgb565Init	72	static
../Drivers/BSP/stm32746g_discovery_lcd.c:334:6:BSP_LCD_SelectLayer	16	static
../Drivers/BSP/stm32746g_discovery_lcd.c:348:6:BSP_LCD_SetLayerVisible	16	static
../Drivers/BSP/stm32746g_discovery_lcd.c:370:6:BSP_LCD_SetLayerVisible_NoReload	16	static
../Drivers/BSP/stm32746g_discovery_lcd.c:390:6:BSP_LCD_SetTransparency	16	static
../Drivers/BSP/stm32746g_discovery_lcd.c:402:6:BSP_LCD_SetTransparency_NoReload	16	static
../Drivers/BSP/stm32746g_discovery_lcd.c:413:6:BSP_LCD_SetLayerAddress	16	static
../Drivers/BSP/stm32746g_discovery_lcd.c:424:6:BSP_LCD_SetLayerAddress_NoReload	16	static
../Drivers/BSP/stm32746g_discovery_lcd.c:438:6:BSP_LCD_SetLayerWindow	24	static
../Drivers/BSP/stm32746g_discovery_lcd.c:456:6:BSP_LCD_SetLayerWindow_NoReload	24	static
../Drivers/BSP/stm32746g_discovery_lcd.c:471:6:BSP_LCD_SetColorKeying	16	static
../Drivers/BSP/stm32746g_discovery_lcd.c:484:6:BSP_LCD_SetColorKeying_NoReload	16	static
../Drivers/BSP/stm32746g_discovery_lcd.c:496:6:BSP_LCD_ResetColorKeying	16	static
../Drivers/BSP/stm32746g_discovery_lcd.c:507:6:BSP_LCD_ResetColorKeying_NoReload	16	static
../Drivers/BSP/stm32746g_discovery_lcd.c:520:6:BSP_LCD_Reload	16	static
../Drivers/BSP/stm32746g_discovery_lcd.c:530:6:BSP_LCD_SetTextColor	16	static
../Drivers/BSP/stm32746g_discovery_lcd.c:539:10:BSP_LCD_GetTextColor	4	static
../Drivers/BSP/stm32746g_discovery_lcd.c:549:6:BSP_LCD_SetBackColor	16	static
../Drivers/BSP/stm32746g_discovery_lcd.c:558:10:BSP_LCD_GetBackColor	4	static
../Drivers/BSP/stm32746g_discovery_lcd.c:568:6:BSP_LCD_SetFont	16	static
../Drivers/BSP/stm32746g_discovery_lcd.c:577:8:BSP_LCD_GetFont	4	static
../Drivers/BSP/stm32746g_discovery_lcd.c:588:10:BSP_LCD_ReadPixel	32	static
../Drivers/BSP/stm32746g_discovery_lcd.c:623:6:BSP_LCD_Clear	40	static
../Drivers/BSP/stm32746g_discovery_lcd.c:634:6:BSP_LCD_ClearStringLine	32	static
../Drivers/BSP/stm32746g_discovery_lcd.c:654:6:BSP_LCD_DisplayChar	24	static
../Drivers/BSP/stm32746g_discovery_lcd.c:672:6:BSP_LCD_DisplayStringAt	48	static
../Drivers/BSP/stm32746g_discovery_lcd.c:733:6:BSP_LCD_DisplayStringAtLine	16	static
../Drivers/BSP/stm32746g_discovery_lcd.c:745:6:BSP_LCD_DrawHLine	40	static
../Drivers/BSP/stm32746g_discovery_lcd.c:770:6:BSP_LCD_DrawVLine	48	static
../Drivers/BSP/stm32746g_discovery_lcd.c:796:6:BSP_LCD_DrawLine	56	static
../Drivers/BSP/stm32746g_discovery_lcd.c:871:6:BSP_LCD_DrawRect	24	static
../Drivers/BSP/stm32746g_discovery_lcd.c:889:6:BSP_LCD_DrawCircle	40	static
../Drivers/BSP/stm32746g_discovery_lcd.c:936:6:BSP_LCD_DrawPolygon	32	static
../Drivers/BSP/stm32746g_discovery_lcd.c:964:6:BSP_LCD_DrawEllipse	64	static
../Drivers/BSP/stm32746g_discovery_lcd.c:997:6:BSP_LCD_DrawPixel	24	static
../Drivers/BSP/stm32746g_discovery_lcd.c:1017:6:BSP_LCD_DrawBitmap	56	static
../Drivers/BSP/stm32746g_discovery_lcd.c:1075:6:BSP_LCD_FillRect	48	static
../Drivers/BSP/stm32746g_discovery_lcd.c:1102:6:BSP_LCD_FillCircle	32	static
../Drivers/BSP/stm32746g_discovery_lcd.c:1150:6:BSP_LCD_FillPolygon	64	static
../Drivers/BSP/stm32746g_discovery_lcd.c:1218:6:BSP_LCD_FillEllipse	56	static
../Drivers/BSP/stm32746g_discovery_lcd.c:1248:6:BSP_LCD_DisplayOn	8	static
../Drivers/BSP/stm32746g_discovery_lcd.c:1260:6:BSP_LCD_DisplayOff	8	static
../Drivers/BSP/stm32746g_discovery_lcd.c:1274:13:BSP_LCD_MspInit	72	static
../Drivers/BSP/stm32746g_discovery_lcd.c:1346:13:BSP_LCD_MspDeInit	40	static
../Drivers/BSP/stm32746g_discovery_lcd.c:1395:13:BSP_LCD_ClockConfig	16	static
../Drivers/BSP/stm32746g_discovery_lcd.c:1423:13:DrawChar	40	static
../Drivers/BSP/stm32746g_discovery_lcd.c:1482:13:FillTriangle	56	static
../Drivers/BSP/stm32746g_discovery_lcd.c:1560:13:LL_FillBuffer	32	static
../Drivers/BSP/stm32746g_discovery_lcd.c:1598:13:LL_ConvertLineToARGB8888	32	static
